<html>
<body>
<pre>
<h1>µVision Build Log</h1>
<h2>Tool Versions:</h2>
IDE-Version: ¦ÌVision V5.13.0.0
Copyright (C) 2014 ARM Ltd and ARM Germany GmbH. All rights reserved.
License Information: wang Microsoft, Microsoft, LIC=HN001-CD8VD-DKMBN-YG1QS-W0ZQ2-4SNL2
 
Tool Versions:
Toolchain:       MDK-ARM Standard  Version: 5.13.0.0
Toolchain Path:  C:\Keil_v5\ARM\ARMCC\Bin
C Compiler:      Armcc.exe V5.05 update 1 (build 106)
Assembler:       Armasm.exe V5.05 update 1 (build 106)
Linker/Locator:  ArmLink.exe V5.05 update 1 (build 106)
Library Manager: ArmAr.exe V5.05 update 1 (build 106)
Hex Converter:   FromElf.exe V5.05 update 1 (build 106)
CPU DLL:         
Dialog DLL:      
Target DLL:      Segger\JL2CM3.dll V2.99.11.0
Dialog DLL:      TCM.DLL V1.14.4.0
 
<h2>Project:</h2>
C:\Users\wang\Desktop\3.21\src\utils\project\eval\s132\keil\SPO2.uvprojx
Project File Date:  03/23/2017

<h2>Output:</h2>
Build target 'SPO2'
compiling Afe4403.c...
..\..\..\..\..\..\functions\Afe4403.c(117): warning:  #177-D: variable "error" was declared but never referenced
        unsigned char error = 0;
..\..\..\..\..\..\functions\Afe4403.c(96): warning:  #177-D: function "afe4403SpiInit" was declared but never referenced
  static void afe4403SpiInit(void)
..\..\..\..\..\..\functions\Afe4403.c(430): warning:  #177-D: function "afe4403DefaultRegInit" was declared but never referenced
  static void afe4403DefaultRegInit()
..\..\..\..\..\..\functions\Afe4403.c: 3 warnings, 0 errors
linking...
Program Size: Code=27200 RO-data=3292 RW-data=1184 ZI-data=21448  
FromELF: creating hex file...
".\Objects\nrf52832_xxaa.axf" - 0 Error(s), 3 Warning(s).

<h2>Software Packages used:</h2>

Package Vendor: ARM
                http://www.keil.com/pack/ARM.CMSIS.4.5.0.pack
                ARM::CMSIS:CORE:4.3.0
                CMSIS (Cortex Microcontroller Software Interface Standard)
   * Component: CORE Version: 4.3.0

Package Vendor: NordicSemiconductor
                http://developer.nordicsemi.com/nRF5_SDK/pieces/nRF_DeviceFamilyPack/NordicSemiconductor.nRF_DeviceFamilyPack.8.7.1.pack
                NordicSemiconductor::Device:Startup:8.7.1
                Nordic Semiconductor nRF ARM devices Device Family Pack.
   * Component: Startup Version: 8.7.1

<h2>Collection of Component include folders:</h2>
  C:\Users\wang\Desktop\3.21\src\utils\project\eval\s132\keil\RTE
  C:\Keil_v5\ARM\PACK\ARM\CMSIS\4.5.0\CMSIS\Include
  C:\Keil_v5\ARM\PACK\NordicSemiconductor\nRF_DeviceFamilyPack\8.7.1\Device\Include
  C:\Keil_v5\ARM\PACK\NordicSemiconductor\nRF_DeviceFamilyPack\8.9.0\Device\Include

<h2>Collection of Component Files used:</h2>

   * Component: ARM::CMSIS:CORE:4.3.0

   * Component: NordicSemiconductor::Device:Startup:8.7.1
      Source file:   Device\Source\arm\arm_startup_nrf52.s
      Source file:   Device\Source\system_nrf52.c
      Include file:  Device\Include\system_nrf52.h
</pre>
</body>
</html>
