Component: ARM Compiler 5.05 update 1 (build 106) Tool: armlink [4d0efa]

==============================================================================

Section Cross References

    main.o(i.initSystem) refers to uart.o(i.uartInit) for uartInit
    main.o(i.initSystem) refers to timer.o(i.timerInit) for timerInit
    main.o(i.initSystem) refers to bluetooth.o(i.bleInit) for bleInit
    main.o(i.initSystem) refers to afe4403.o(i.afe4403Init) for afe4403Init
    main.o(i.initSystem) refers to battery.o(i.batteryInit) for batteryInit
    main.o(i.initSystem) refers to lcd.o(i.lcdInit) for lcdInit
    main.o(i.main) refers to main.o(i.initSystem) for initSystem
    main.o(i.main) refers to segger_rtt_printf.o(i.SEGGER_RTT_printf) for SEGGER_RTT_printf
    main.o(i.main) refers to lcd.o(i.showSpo2page) for showSpo2page
    main.o(i.main) refers to timer.o(i.timerRun) for timerRun
    afe4403.o(i.afe4403Init) refers to afe4403.o(i.nrf_gpio_cfg_input) for nrf_gpio_cfg_input
    afe4403.o(i.afe4403Init) refers to afe4403.o(i.nrf_gpio_cfg_output) for nrf_gpio_cfg_output
    afe4403.o(i.afe4403Init) refers to afe4403.o(i.nrf_gpio_pin_set) for nrf_gpio_pin_set
    afe4403.o(i.afe4403Init) refers to afe4403.o(i.nrf_gpio_pin_clear) for nrf_gpio_pin_clear
    afe4403.o(i.afe4403Init) refers to afe4403.o(i.nrf_delay_us) for nrf_delay_us
    afe4403.o(i.afe4403Init) refers to afe4403.o(i.readDiagnostics) for readDiagnostics
    afe4403.o(i.afe4403Init) refers to segger_rtt_printf.o(i.SEGGER_RTT_printf) for SEGGER_RTT_printf
    afe4403.o(i.afe4403Init) refers to afe4403.o(i.writeRegister) for writeRegister
    afe4403.o(i.afe4403Init) refers to afe4403.o(i.enableRead) for enableRead
    afe4403.o(i.afe4403Init) refers to afe4403.o(i.readRegister) for readRegister
    afe4403.o(i.collectAMIR) refers to afe4403.o(i.readRegister) for readRegister
    afe4403.o(i.collectAMRED) refers to afe4403.o(i.readRegister) for readRegister
    afe4403.o(i.collectIR) refers to afe4403.o(i.readRegister) for readRegister
    afe4403.o(i.collectIRAMIR) refers to afe4403.o(i.readRegister) for readRegister
    afe4403.o(i.collectRED) refers to afe4403.o(i.readRegister) for readRegister
    afe4403.o(i.collectREDAMRED) refers to afe4403.o(i.readRegister) for readRegister
    afe4403.o(i.delayCycles) refers to afe4403.o(i.nrf_delay_us) for nrf_delay_us
    afe4403.o(i.enableRead) refers to afe4403.o(i.writeRegister) for writeRegister
    afe4403.o(i.nrf_delay_us) refers to system_nrf52.o(.data) for SystemCoreClock
    afe4403.o(i.nrf_gpio_cfg_input) refers to afe4403.o(i.nrf_gpio_cfg) for nrf_gpio_cfg
    afe4403.o(i.nrf_gpio_cfg_output) refers to afe4403.o(i.nrf_gpio_cfg) for nrf_gpio_cfg
    afe4403.o(i.readDiagnostics) refers to afe4403.o(i.enableRead) for enableRead
    afe4403.o(i.readDiagnostics) refers to afe4403.o(i.readRegister) for readRegister
    afe4403.o(i.readRegister) refers to afe4403.o(i.spiReadWriteByte) for spiReadWriteByte
    afe4403.o(i.spiReadWriteByte) refers to afe4403.o(i.nrf_gpio_pin_clear) for nrf_gpio_pin_clear
    afe4403.o(i.spiReadWriteByte) refers to afe4403.o(i.nrf_gpio_pin_set) for nrf_gpio_pin_set
    afe4403.o(i.spiReadWriteByte) refers to segger_rtt_printf.o(i.SEGGER_RTT_printf) for SEGGER_RTT_printf
    afe4403.o(i.writeRegister) refers to afe4403.o(i.spiReadWriteByte) for spiReadWriteByte
    battery.o(i.batteryInit) refers to battery.o(i.saadc_init) for saadc_init
    battery.o(i.saadc_callback) refers to nrf_drv_saadc.o(i.nrf_drv_saadc_buffer_convert) for nrf_drv_saadc_buffer_convert
    battery.o(i.saadc_callback) refers to app_error.o(i.app_error_handler_bare) for app_error_handler_bare
    battery.o(i.saadc_callback) refers to dfltui.o(.text) for __aeabi_ui2d
    battery.o(i.saadc_callback) refers to dmul.o(.text) for __aeabi_dmul
    battery.o(i.saadc_callback) refers to d2f.o(.text) for __aeabi_d2f
    battery.o(i.saadc_callback) refers to f2d.o(.text) for __aeabi_f2d
    battery.o(i.saadc_callback) refers to printfa.o(i.__0sprintf) for __2sprintf
    battery.o(i.saadc_callback) refers to segger_rtt_printf.o(i.SEGGER_RTT_printf) for SEGGER_RTT_printf
    battery.o(i.saadc_callback) refers to battery.o(.data) for .data
    battery.o(i.saadc_init) refers to nrf_drv_saadc.o(i.nrf_drv_saadc_init) for nrf_drv_saadc_init
    battery.o(i.saadc_init) refers to app_error.o(i.app_error_handler_bare) for app_error_handler_bare
    battery.o(i.saadc_init) refers to nrf_drv_saadc.o(i.nrf_drv_saadc_channel_init) for nrf_drv_saadc_channel_init
    battery.o(i.saadc_init) refers to nrf_drv_saadc.o(i.nrf_drv_saadc_buffer_convert) for nrf_drv_saadc_buffer_convert
    battery.o(i.saadc_init) refers to battery.o(.constdata) for .constdata
    battery.o(i.saadc_init) refers to battery.o(i.saadc_callback) for saadc_callback
    battery.o(i.saadc_init) refers to battery.o(.bss) for .bss
[...]
    i.send_event                             0x00024d5c   Section        0  fstorage.o(i.send_event)
    send_event                               0x00024d5d   Thumb Code    76  fstorage.o(i.send_event)
    i.service_data_encode                    0x00024da8   Section        0  ble_advdata.o(i.service_data_encode)
    service_data_encode                      0x00024da9   Thumb Code   130  ble_advdata.o(i.service_data_encode)
    i.setPos                                 0x00024e2a   Section        0  lcd.o(i.setPos)
    setPos                                   0x00024e2b   Thumb Code    50  lcd.o(i.setPos)
    i.set_adv_mode_fast                      0x00024e5c   Section        0  ble_advertising.o(i.set_adv_mode_fast)
    set_adv_mode_fast                        0x00024e5d   Thumb Code    64  ble_advertising.o(i.set_adv_mode_fast)
    i.set_adv_mode_slow                      0x00024ea4   Section        0  ble_advertising.o(i.set_adv_mode_slow)
    set_adv_mode_slow                        0x00024ea5   Thumb Code    60  ble_advertising.o(i.set_adv_mode_slow)
    i.showChar                               0x00024ee8   Section        0  lcd.o(i.showChar)
    i.showSpo2page                           0x00024f80   Section        0  lcd.o(i.showSpo2page)
    i.showString                             0x00024fac   Section        0  lcd.o(i.showString)
    i.sleep_mode_enter                       0x00024fde   Section        0  bluetooth.o(i.sleep_mode_enter)
    sleep_mode_enter                         0x00024fdf   Thumb Code    40  bluetooth.o(i.sleep_mode_enter)
    i.softdevice_ble_evt_handler_set         0x00025008   Section        0  softdevice_handler.o(i.softdevice_ble_evt_handler_set)
    i.softdevice_enable                      0x0002501c   Section        0  softdevice_handler.o(i.softdevice_enable)
    i.softdevice_enable_get_default_config   0x00025030   Section        0  softdevice_handler.o(i.softdevice_enable_get_default_config)
    i.softdevice_fault_handler               0x00025056   Section        0  softdevice_handler.o(i.softdevice_fault_handler)
    i.softdevice_handler_init                0x0002505c   Section        0  softdevice_handler.o(i.softdevice_handler_init)
    i.softdevice_handler_is_enabled          0x000250c4   Section        0  softdevice_handler.o(i.softdevice_handler_is_enabled)
    i.softdevice_sys_evt_handler_set         0x000250d0   Section        0  softdevice_handler.o(i.softdevice_sys_evt_handler_set)
    i.spiReadWriteByte                       0x000250e4   Section        0  afe4403.o(i.spiReadWriteByte)
    i.sys_evt_dispatch                       0x00025310   Section        0  bluetooth.o(i.sys_evt_dispatch)
    sys_evt_dispatch                         0x00025311   Thumb Code    18  bluetooth.o(i.sys_evt_dispatch)
    i.timerEventHandler                      0x00025324   Section        0  timer.o(i.timerEventHandler)
    i.timerInit                              0x00025390   Section        0  timer.o(i.timerInit)
    i.timerRun                               0x000253e4   Section        0  timer.o(i.timerRun)
    i.timer_list_handler                     0x00025418   Section        0  app_timer.o(i.timer_list_handler)
    timer_list_handler                       0x00025419   Thumb Code   118  app_timer.o(i.timer_list_handler)
    i.timer_list_insert                      0x00025494   Section        0  app_timer.o(i.timer_list_insert)
    timer_list_insert                        0x00025495   Thumb Code    56  app_timer.o(i.timer_list_insert)
    i.timer_stop_op_schedule                 0x000254d0   Section        0  app_timer.o(i.timer_stop_op_schedule)
    timer_stop_op_schedule                   0x000254d1   Thumb Code    64  app_timer.o(i.timer_stop_op_schedule)
    i.timer_timeouts_check                   0x00025514   Section        0  app_timer.o(i.timer_timeouts_check)
    timer_timeouts_check                     0x00025515   Thumb Code   124  app_timer.o(i.timer_timeouts_check)
    i.transfer_byte                          0x00025598   Section        0  nrf_drv_spi.o(i.transfer_byte)
    transfer_byte                            0x00025599   Thumb Code    80  nrf_drv_spi.o(i.transfer_byte)
    i.twi_process_error                      0x000255e8   Section        0  nrf_drv_twi.o(i.twi_process_error)
    twi_process_error                        0x000255e9   Thumb Code    30  nrf_drv_twi.o(i.twi_process_error)
    i.twi_rx_start_transfer                  0x00025606   Section        0  nrf_drv_twi.o(i.twi_rx_start_transfer)
    twi_rx_start_transfer                    0x00025607   Thumb Code   160  nrf_drv_twi.o(i.twi_rx_start_transfer)
    i.twi_send_byte                          0x000256a6   Section        0  nrf_drv_twi.o(i.twi_send_byte)
    twi_send_byte                            0x000256a7   Thumb Code    40  nrf_drv_twi.o(i.twi_send_byte)
    i.twi_transfer                           0x000256ce   Section        0  nrf_drv_twi.o(i.twi_transfer)
    twi_transfer                             0x000256cf   Thumb Code   266  nrf_drv_twi.o(i.twi_transfer)
    i.twi_tx_start_transfer                  0x000257d8   Section        0  nrf_drv_twi.o(i.twi_tx_start_transfer)
    twi_tx_start_transfer                    0x000257d9   Thumb Code   166  nrf_drv_twi.o(i.twi_tx_start_transfer)
    i.tx_byte                                0x0002587e   Section        0  nrf_drv_uart.o(i.tx_byte)
    tx_byte                                  0x0002587f   Thumb Code    32  nrf_drv_uart.o(i.tx_byte)
    i.tx_char_add                            0x0002589e   Section        0  ble_nus.o(i.tx_char_add)
    tx_char_add                              0x0002589f   Thumb Code   160  ble_nus.o(i.tx_char_add)
    i.tx_done_event                          0x0002593e   Section        0  nrf_drv_uart.o(i.tx_done_event)
    tx_done_event                            0x0002593f   Thumb Code    28  nrf_drv_uart.o(i.tx_done_event)
    i.uartEventHandle                        0x0002595a   Section        0  uart.o(i.uartEventHandle)
    uartEventHandle                          0x0002595b   Thumb Code     2  uart.o(i.uartEventHandle)
    i.uartInit                               0x0002595c   Section        0  uart.o(i.uartInit)
    i.uart_event_handler                     0x000259a4   Section        0  app_uart_fifo.o(i.uart_event_handler)
    uart_event_handler                       0x000259a5   Thumb Code   162  app_uart_fifo.o(i.uart_event_handler)
    i.uart_irq_handler                       0x00025a50   Section        0  nrf_drv_uart.o(i.uart_irq_handler)
    uart_irq_handler                         0x00025a51   Thumb Code   286  nrf_drv_uart.o(i.uart_irq_handler)
    i.uarte_irq_handler                      0x00025b6e   Section        0  nrf_drv_uart.o(i.uarte_irq_handler)
    uarte_irq_handler                        0x00025b6f   Thumb Code   240  nrf_drv_uart.o(i.uarte_irq_handler)
    i.uint16_encode                          0x00025c5e   Section        0  ble_advdata.o(i.uint16_encode)
    uint16_encode                            0x00025c5f   Thumb Code    10  ble_advdata.o(i.uint16_encode)
    i.update_timeout_handler                 0x00025c68   Section        0  ble_conn_params.o(i.update_timeout_handler)
    update_timeout_handler                   0x00025c69   Thumb Code    88  ble_conn_params.o(i.update_timeout_handler)
    i.user_op_alloc                          0x00025cc8   Section        0  app_timer.o(i.user_op_alloc)
    user_op_alloc                            0x00025cc9   Thumb Code    42  app_timer.o(i.user_op_alloc)
    i.uuid_list_encode                       0x00025cf8   Section        0  ble_advdata.o(i.uuid_list_encode)
    uuid_list_encode                         0x00025cf9   Thumb Code    48  ble_advdata.o(i.uuid_list_encode)
    i.uuid_list_sized_encode                 0x00025d28   Section        0  ble_advdata.o(i.uuid_list_sized_encode)
    uuid_list_sized_encode                   0x00025d29   Thumb Code   160  ble_advdata.o(i.uuid_list_sized_encode)
    i.writeByte                              0x00025dc8   Section        0  lcd.o(i.writeByte)
    writeByte                                0x00025dc9   Thumb Code    86  lcd.o(i.writeByte)
    i.writeRegister                          0x00025e1e   Section        0  afe4403.o(i.writeRegister)
    writeRegister                            0x00025e1f   Thumb Code    34  afe4403.o(i.writeRegister)
    .constdata                               0x00025e40   Section       13  battery.o(.constdata)
    .constdata                               0x00025e50   Section       16  bluetooth.o(.constdata)
    .constdata                               0x00025e60   Section     2072  lcd.o(.constdata)
    .constdata                               0x00026678   Section       16  timer.o(.constdata)
    .constdata                               0x00026688   Section       24  uart.o(.constdata)
    .constdata                               0x000266a0   Section        8  bsp.o(.constdata)
    m_leds_timer_id                          0x000266a0   Data           4  bsp.o(.constdata)
    m_alert_timer_id                         0x000266a4   Data           4  bsp.o(.constdata)
    .constdata                               0x000266a8   Section       32  app_uart_fifo.o(.constdata)
    .constdata                               0x000266c8   Section        4  nrf_drv_saadc.o(.constdata)
    m_default_config                         0x000266c8   Data           4  nrf_drv_saadc.o(.constdata)
    .constdata                               0x000266cc   Section        4  ble_conn_params.o(.constdata)
    m_conn_params_timer_id                   0x000266cc   Data           4  ble_conn_params.o(.constdata)
    .constdata                               0x000266d0   Section       16  ble_nus.o(.constdata)
    .constdata                               0x000266e0   Section       16  segger_rtt_printf.o(.constdata)
    _aV2C                                    0x000266e0   Data          16  segger_rtt_printf.o(.constdata)
    .conststring                             0x000266f0   Section        9  segger_rtt.o(.conststring)
    .data                                    0x20002128   Section        4  battery.o(.data)
    .data                                    0x2000212c   Section        6  bluetooth.o(.data)
    m_conn_handle                            0x2000212c   Data           2  bluetooth.o(.data)
    m_adv_uuids                              0x2000212e   Data           4  bluetooth.o(.data)
    .data                                    0x20002132   Section        4  bluetooth.o(.data)
    mailbox_cb_ble_notify_queue              0x20002132   Data           4  bluetooth.o(.data)
    .data                                    0x20002138   Section        8  flash.o(.data)
    .data                                    0x20002140   Section      833  lcd.o(.data)
    size                                     0x20002140   Data           1  lcd.o(.data)
    bmp_spo2                                 0x20002141   Data         384  lcd.o(.data)
    .data                                    0x20002481   Section       10  timer.o(.data)
    timer5ms                                 0x20002481   Data           1  timer.o(.data)
    timer10ms                                0x20002482   Data           1  timer.o(.data)
    timer100ms                               0x20002483   Data           1  timer.o(.data)
    timer500ms                               0x20002484   Data           1  timer.o(.data)
    timer1s                                  0x20002485   Data           1  timer.o(.data)
    flag5ms                                  0x20002486   Data           1  timer.o(.data)
    flag10ms                                 0x20002487   Data           1  timer.o(.data)
    flag100ms                                0x20002488   Data           1  timer.o(.data)
    flag500ms                                0x20002489   Data           1  timer.o(.data)
    flag1s                                   0x2000248a   Data           1  timer.o(.data)
    .data                                    0x2000248c   Section       12  commandhandle.o(.data)
    notify_free_handler                      0x20002490   Data           4  commandhandle.o(.data)
    leftone                                  0x20002494   Data           4  commandhandle.o(.data)
    .data                                    0x20002498   Section       16  bsp.o(.data)
    m_stable_state                           0x20002498   Data           1  bsp.o(.data)
    m_app_ticks_per_100ms                    0x2000249c   Data           4  bsp.o(.data)
    m_indication_type                        0x200024a0   Data           4  bsp.o(.data)
    m_alert_mask                             0x200024a4   Data           4  bsp.o(.data)
    .data                                    0x200024a8   Section        8  bsp_btn_ble.o(.data)
    m_error_handler                          0x200024a8   Data           4  bsp_btn_ble.o(.data)
    m_num_connections                        0x200024ac   Data           4  bsp_btn_ble.o(.data)
    .data                                    0x200024b0   Section       32  app_timer.o(.data)
    m_ticks_elapsed_q_read_ind               0x200024b0   Data           1  app_timer.o(.data)
    m_ticks_elapsed_q_write_ind              0x200024b1   Data           1  app_timer.o(.data)
    m_rtc1_running                           0x200024b2   Data           1  app_timer.o(.data)
    m_rtc1_reset                             0x200024b3   Data           1  app_timer.o(.data)
    mp_timer_id_head                         0x200024b4   Data           4  app_timer.o(.data)
    m_ticks_latest                           0x200024b8   Data           4  app_timer.o(.data)
    m_evt_schedule_func                      0x200024bc   Data           4  app_timer.o(.data)
    m_op_queue                               0x200024c0   Data           8  app_timer.o(.data)
    m_ticks_elapsed                          0x200024c8   Data           8  app_timer.o(.data)
    .data                                    0x200024d0   Section       16  app_uart_fifo.o(.data)
    tx_buffer                                0x200024d0   Data           1  app_uart_fifo.o(.data)
    rx_buffer                                0x200024d1   Data           1  app_uart_fifo.o(.data)
    m_rx_ovf                                 0x200024d2   Data           1  app_uart_fifo.o(.data)
    m_event_handler                          0x200024d4   Data           4  app_uart_fifo.o(.data)
    app_uart_inst                            0x200024d8   Data           8  app_uart_fifo.o(.data)
    .data                                    0x200024e0   Section        2  fstorage.o(.data)
    m_flags                                  0x200024e0   Data           1  fstorage.o(.data)
    m_retry_count                            0x200024e1   Data           1  fstorage.o(.data)
    .data                                    0x200024e4   Section       16  app_scheduler.o(.data)
    m_queue_start_index                      0x200024e4   Data           1  app_scheduler.o(.data)
    m_queue_end_index                        0x200024e5   Data           1  app_scheduler.o(.data)
    m_queue_event_size                       0x200024e6   Data           2  app_scheduler.o(.data)
    m_queue_size                             0x200024e8   Data           2  app_scheduler.o(.data)
    m_queue_event_headers                    0x200024ec   Data           4  app_scheduler.o(.data)
    m_queue_event_data                       0x200024f0   Data           4  app_scheduler.o(.data)
    .data                                    0x200024f4   Section       31  ble_advertising.o(.data)
    m_initialized                            0x200024f4   Data           1  ble_advertising.o(.data)
    m_advertising_start_pending              0x200024f5   Data           1  ble_advertising.o(.data)
    m_adv_evt                                0x200024f6   Data           1  ble_advertising.o(.data)
    m_adv_mode_current                       0x200024f7   Data           1  ble_advertising.o(.data)
    m_peer_addr_reply_expected               0x200024f8   Data           1  ble_advertising.o(.data)
    m_whitelist_temporarily_disabled         0x200024f9   Data           1  ble_advertising.o(.data)
    m_whitelist_reply_expected               0x200024fa   Data           1  ble_advertising.o(.data)
    m_whitelist_in_use                       0x200024fb   Data           1  ble_advertising.o(.data)
    m_current_slave_link_conn_handle         0x200024fc   Data           2  ble_advertising.o(.data)
    m_slave_conn_int                         0x200024fe   Data           4  ble_advertising.o(.data)
    m_evt_handler                            0x20002504   Data           4  ble_advertising.o(.data)
    m_error_handler                          0x20002508   Data           4  ble_advertising.o(.data)
    m_peer_address                           0x2000250c   Data           7  ble_advertising.o(.data)
    .data                                    0x20002514   Section       20  ble_conn_params.o(.data)
    m_change_param                           0x20002514   Data           1  ble_conn_params.o(.data)
    m_update_count                           0x20002515   Data           1  ble_conn_params.o(.data)
    m_conn_handle                            0x20002516   Data           2  ble_conn_params.o(.data)
    m_preferred_conn_params                  0x20002518   Data           8  ble_conn_params.o(.data)
    m_current_conn_params                    0x20002520   Data           8  ble_conn_params.o(.data)
    .data                                    0x20002528   Section       20  softdevice_handler.o(.data)
    m_softdevice_enabled                     0x20002528   Data           1  softdevice_handler.o(.data)
    m_suspended                              0x20002529   Data           1  softdevice_handler.o(.data)
    m_ble_evt_buffer_size                    0x2000252a   Data           2  softdevice_handler.o(.data)
    m_evt_schedule_func                      0x2000252c   Data           4  softdevice_handler.o(.data)
    mp_ble_evt_buffer                        0x20002530   Data           4  softdevice_handler.o(.data)
    m_ble_evt_handler                        0x20002534   Data           4  softdevice_handler.o(.data)
    m_sys_evt_handler                        0x20002538   Data           4  softdevice_handler.o(.data)
    .data                                    0x2000253c   Section      120  segger_rtt.o(.data)
    _SEGGER_RTT                              0x2000253c   Data         120  segger_rtt.o(.data)
    .data                                    0x200025b4   Section        4  system_nrf52.o(.data)
    __tagsym$$used                           0x200025b4   Number         0  system_nrf52.o(.data)
    fs_data                                  0x200025b8   Section       16  flash.o(fs_data)
    __tagsym$$used                           0x200025b8   Number         0  flash.o(fs_data)
    fs_config                                0x200025b8   Data          16  flash.o(fs_data)
    .bss                                     0x200025c8   Section       20  battery.o(.bss)
    m_buffer_pool                            0x200025c8   Data          20  battery.o(.bss)
    .bss                                     0x200025dc   Section     5112  bluetooth.o(.bss)
    BLE_EVT_BUFFER                           0x200025dc   Data          80  bluetooth.o(.bss)
    APP_TIMER_BUF                            0x2000262c   Data         216  bluetooth.o(.bss)
    APP_SCHED_BUF                            0x20002704   Data        4788  bluetooth.o(.bss)
    .bss                                     0x200039d4   Section     4200  bluetooth.o(.bss)
    mailbox_items_ble_notify_queue           0x200039d4   Data        4200  bluetooth.o(.bss)
    .bss                                     0x20004a3c   Section      332  flash.o(.bss)
    .bss                                     0x20004b88   Section     1024  lcd.o(.bss)
    oledGram                                 0x20004b88   Data        1024  lcd.o(.bss)
    .bss                                     0x20004f88   Section      512  uart.o(.bss)
    rx_buf                                   0x20004f88   Data         256  uart.o(.bss)
    tx_buf                                   0x20005088   Data         256  uart.o(.bss)
    .bss                                     0x20005188   Section      181  commandhandle.o(.bss)
    msg                                      0x20005228   Data          21  commandhandle.o(.bss)
    .bss                                     0x20005240   Section       32  bsp.o(.bss)
    m_leds_timer_id_data                     0x20005240   Data          32  bsp.o(.bss)
    .bss                                     0x20005260   Section       32  bsp.o(.bss)
    m_alert_timer_id_data                    0x20005260   Data          32  bsp.o(.bss)
    .bss                                     0x20005280   Section       32  app_uart_fifo.o(.bss)
    m_rx_fifo                                0x20005280   Data          16  app_uart_fifo.o(.bss)
    m_tx_fifo                                0x20005290   Data          16  app_uart_fifo.o(.bss)
    .bss                                     0x200052a0   Section       12  app_util_platform.o(.bss)
    .bss                                     0x200052ac   Section      200  fstorage.o(.bss)
    m_queue                                  0x200052ac   Data         200  fstorage.o(.bss)
    .bss                                     0x20005374   Section       20  nrf_drv_clock.o(.bss)
    m_clock_cb                               0x20005374   Data          20  nrf_drv_clock.o(.bss)
    .bss                                     0x20005388   Section       88  nrf_drv_gpiote.o(.bss)
    m_cb                                     0x20005388   Data          88  nrf_drv_gpiote.o(.bss)
    .bss                                     0x200053e0   Section       32  nrf_drv_uart.o(.bss)
    m_cb                                     0x200053e0   Data          32  nrf_drv_uart.o(.bss)
    .bss                                     0x20005400   Section       24  nrf_drv_timer.o(.bss)
    m_cb                                     0x20005400   Data          24  nrf_drv_timer.o(.bss)
    .bss                                     0x20005418   Section       32  nrf_drv_spi.o(.bss)
    m_cb                                     0x20005418   Data          32  nrf_drv_spi.o(.bss)
    .bss                                     0x20005438   Section       48  nrf_drv_saadc.o(.bss)
    m_cb                                     0x20005438   Data          48  nrf_drv_saadc.o(.bss)
    .bss                                     0x20005468   Section       40  nrf_drv_twi.o(.bss)
    m_cb                                     0x20005468   Data          40  nrf_drv_twi.o(.bss)
    .bss                                     0x20005490   Section      175  ble_advertising.o(.bss)
    m_adv_modes_config                       0x20005490   Data          32  ble_advertising.o(.bss)
    m_advdata                                0x200054b0   Data          56  ble_advertising.o(.bss)
    m_manuf_specific_data                    0x200054e8   Data          12  ble_advertising.o(.bss)
    m_manuf_data_array                       0x200054f4   Data          31  ble_advertising.o(.bss)
    m_service_data                           0x20005514   Data          12  ble_advertising.o(.bss)
    m_service_data_array                     0x20005520   Data          31  ble_advertising.o(.bss)
    .bss                                     0x20005540   Section       32  ble_conn_params.o(.bss)
    m_conn_params_timer_id_data              0x20005540   Data          32  ble_conn_params.o(.bss)
    .bss                                     0x20005560   Section       28  ble_conn_params.o(.bss)
    m_conn_params_config                     0x20005560   Data          28  ble_conn_params.o(.bss)
    .bss                                     0x2000557c   Section     1024  segger_rtt.o(.bss)
    _acUpBuffer                              0x2000557c   Data        1024  segger_rtt.o(.bss)
    .bss                                     0x2000597c   Section       16  segger_rtt.o(.bss)
    _acDownBuffer                            0x2000597c   Data          16  segger_rtt.o(.bss)
    STACK                                    0x20005990   Section     8192  arm_startup_nrf52.o(STACK)

    Global Symbols

    Symbol Name                              Value     Ov Type        Size  Object(Section)

    BuildAttributes$$THM_ISAv4$E$P$D$K$B$S$7EM$VFPi3$EXTD16$VFPS$VFMA$PE$A:L22UL41UL21$X:L11$S22US41US21$IEEE1$IW$USESV6$~STKCKD$USESV7$~SHL$OTIME$ROPI$EBA8$MICROLIB$REQ8$PRES8$EABIv2 0x00000000   Number         0  anon$$obj.o ABSOLUTE
    __ARM_use_no_argv                        0x00000000   Number         0  main.o ABSOLUTE
    _printf_a                                0x00000000   Number         0  stubs.o ABSOLUTE
    _printf_c                                0x00000000   Number         0  stubs.o ABSOLUTE
    _printf_charcount                        0x00000000   Number         0  stubs.o ABSOLUTE
    _printf_d                                0x00000000   Number         0  stubs.o ABSOLUTE
    _printf_e                                0x00000000   Number         0  stubs.o ABSOLUTE
    _printf_f                                0x00000000   Number         0  stubs.o ABSOLUTE
    _printf_flags                            0x00000000   Number         0  stubs.o ABSOLUTE
    _printf_fp_dec                           0x00000000   Number         0  stubs.o ABSOLUTE
    _printf_fp_hex                           0x00000000   Number         0  stubs.o ABSOLUTE
    _printf_g                                0x00000000   Number         0  stubs.o ABSOLUTE
    _printf_i                                0x00000000   Number         0  stubs.o ABSOLUTE
    _printf_int_dec                          0x00000000   Number         0  stubs.o ABSOLUTE
    _printf_l                                0x00000000   Number         0  stubs.o ABSOLUTE
    _printf_lc                               0x00000000   Number         0  stubs.o ABSOLUTE
    _printf_ll                               0x00000000   Number         0  stubs.o ABSOLUTE
    _printf_lld                              0x00000000   Number         0  stubs.o ABSOLUTE
    _printf_lli                              0x00000000   Number         0  stubs.o ABSOLUTE
    _printf_llo                              0x00000000   Number         0  stubs.o ABSOLUTE
    _printf_llu                              0x00000000   Number         0  stubs.o ABSOLUTE
    _printf_llx                              0x00000000   Number         0  stubs.o ABSOLUTE
    _printf_longlong_dec                     0x00000000   Number         0  stubs.o ABSOLUTE
    _printf_longlong_hex                     0x00000000   Number         0  stubs.o ABSOLUTE
    _printf_longlong_oct                     0x00000000   Number         0  stubs.o ABSOLUTE
    _printf_ls                               0x00000000   Number         0  stubs.o ABSOLUTE
    _printf_mbtowc                           0x00000000   Number         0  stubs.o ABSOLUTE
    _printf_n                                0x00000000   Number         0  stubs.o ABSOLUTE
    _printf_o                                0x00000000   Number         0  stubs.o ABSOLUTE
    _printf_p                                0x00000000   Number         0  stubs.o ABSOLUTE
    _printf_percent                          0x00000000   Number         0  stubs.o ABSOLUTE
    _printf_pre_padding                      0x00000000   Number         0  stubs.o ABSOLUTE
    _printf_return_value                     0x00000000   Number         0  stubs.o ABSOLUTE
    _printf_s                                0x00000000   Number         0  stubs.o ABSOLUTE
    _printf_sizespec                         0x00000000   Number         0  stubs.o ABSOLUTE
    _printf_str                              0x00000000   Number         0  stubs.o ABSOLUTE
    _printf_truncate_signed                  0x00000000   Number         0  stubs.o ABSOLUTE
    _printf_truncate_unsigned                0x00000000   Number         0  stubs.o ABSOLUTE
    _printf_u                                0x00000000   Number         0  stubs.o ABSOLUTE
    _printf_wc                               0x00000000   Number         0  stubs.o ABSOLUTE
    _printf_wctomb                           0x00000000   Number         0  stubs.o ABSOLUTE
    _printf_widthprec                        0x00000000   Number         0  stubs.o ABSOLUTE
    _printf_x                                0x00000000   Number         0  stubs.o ABSOLUTE
    __cpp_initialize__aeabi_                  - Undefined Weak Reference
    __cxa_finalize                            - Undefined Weak Reference
    _clock_init                               - Undefined Weak Reference
    _microlib_exit                            - Undefined Weak Reference
    __Vectors_Size                           0x00000400   Number         0  arm_startup_nrf52.o ABSOLUTE
    __Vectors                                0x0001f000   Data           4  arm_startup_nrf52.o(RESET)
    __Vectors_End                            0x0001f400   Data           0  arm_startup_nrf52.o(RESET)
    __main                                   0x0001f401   Thumb Code     0  entry.o(.ARM.Collect$$$$00000000)
    _main_stk                                0x0001f401   Thumb Code     0  entry2.o(.ARM.Collect$$$$00000001)
    _main_scatterload                        0x0001f405   Thumb Code     0  entry5.o(.ARM.Collect$$$$00000004)
    __main_after_scatterload                 0x0001f409   Thumb Code     0  entry5.o(.ARM.Collect$$$$00000004)
    _main_clock                              0x0001f409   Thumb Code     0  entry7b.o(.ARM.Collect$$$$00000008)
    _main_cpp_init                           0x0001f409   Thumb Code     0  entry8b.o(.ARM.Collect$$$$0000000A)
    _main_init                               0x0001f409   Thumb Code     0  entry9a.o(.ARM.Collect$$$$0000000B)
    __rt_final_cpp                           0x0001f411   Thumb Code     0  entry10a.o(.ARM.Collect$$$$0000000D)
    __rt_final_exit                          0x0001f411   Thumb Code     0  entry11a.o(.ARM.Collect$$$$0000000F)
    Reset_Handler                            0x0001f415   Thumb Code     8  arm_startup_nrf52.o(.text)
    NMI_Handler                              0x0001f41d   Thumb Code     2  arm_startup_nrf52.o(.text)
    HardFault_Handler                        0x0001f41f   Thumb Code     2  arm_startup_nrf52.o(.text)
    MemoryManagement_Handler                 0x0001f421   Thumb Code     2  arm_startup_nrf52.o(.text)
    BusFault_Handler                         0x0001f423   Thumb Code     2  arm_startup_nrf52.o(.text)
    UsageFault_Handler                       0x0001f425   Thumb Code     2  arm_startup_nrf52.o(.text)
    SVC_Handler                              0x0001f427   Thumb Code     2  arm_startup_nrf52.o(.text)
    DebugMon_Handler                         0x0001f429   Thumb Code     2  arm_startup_nrf52.o(.text)
    PendSV_Handler                           0x0001f42b   Thumb Code     2  arm_startup_nrf52.o(.text)
    SysTick_Handler                          0x0001f42d   Thumb Code     2  arm_startup_nrf52.o(.text)
    CCM_AAR_IRQHandler                       0x0001f42f   Thumb Code     0  arm_startup_nrf52.o(.text)
    COMP_LPCOMP_IRQHandler                   0x0001f42f   Thumb Code     0  arm_startup_nrf52.o(.text)
    ECB_IRQHandler                           0x0001f42f   Thumb Code     0  arm_startup_nrf52.o(.text)
    FPU_IRQHandler                           0x0001f42f   Thumb Code     0  arm_startup_nrf52.o(.text)
    I2S_IRQHandler                           0x0001f42f   Thumb Code     0  arm_startup_nrf52.o(.text)
    MWU_IRQHandler                           0x0001f42f   Thumb Code     0  arm_startup_nrf52.o(.text)
    NFCT_IRQHandler                          0x0001f42f   Thumb Code     0  arm_startup_nrf52.o(.text)
    PDM_IRQHandler                           0x0001f42f   Thumb Code     0  arm_startup_nrf52.o(.text)
    PWM0_IRQHandler                          0x0001f42f   Thumb Code     0  arm_startup_nrf52.o(.text)
    PWM1_IRQHandler                          0x0001f42f   Thumb Code     0  arm_startup_nrf52.o(.text)
    PWM2_IRQHandler                          0x0001f42f   Thumb Code     0  arm_startup_nrf52.o(.text)
    QDEC_IRQHandler                          0x0001f42f   Thumb Code     0  arm_startup_nrf52.o(.text)
    RADIO_IRQHandler                         0x0001f42f   Thumb Code     0  arm_startup_nrf52.o(.text)
    RNG_IRQHandler                           0x0001f42f   Thumb Code     0  arm_startup_nrf52.o(.text)
    RTC0_IRQHandler                          0x0001f42f   Thumb Code     0  arm_startup_nrf52.o(.text)
    RTC2_IRQHandler                          0x0001f42f   Thumb Code     0  arm_startup_nrf52.o(.text)
    SPIM2_SPIS2_SPI2_IRQHandler              0x0001f42f   Thumb Code     0  arm_startup_nrf52.o(.text)
    SWI1_EGU1_IRQHandler                     0x0001f42f   Thumb Code     0  arm_startup_nrf52.o(.text)
    SWI3_EGU3_IRQHandler                     0x0001f42f   Thumb Code     0  arm_startup_nrf52.o(.text)
    SWI4_EGU4_IRQHandler                     0x0001f42f   Thumb Code     0  arm_startup_nrf52.o(.text)
    SWI5_EGU5_IRQHandler                     0x0001f42f   Thumb Code     0  arm_startup_nrf52.o(.text)
    TEMP_IRQHandler                          0x0001f42f   Thumb Code     0  arm_startup_nrf52.o(.text)
    TIMER2_IRQHandler                        0x0001f42f   Thumb Code     0  arm_startup_nrf52.o(.text)
    TIMER3_IRQHandler                        0x0001f42f   Thumb Code     0  arm_startup_nrf52.o(.text)
    TIMER4_IRQHandler                        0x0001f42f   Thumb Code     0  arm_startup_nrf52.o(.text)
    WDT_IRQHandler                           0x0001f42f   Thumb Code     0  arm_startup_nrf52.o(.text)
    __aeabi_memcpy                           0x0001f439   Thumb Code    36  memcpya.o(.text)
    __aeabi_memcpy4                          0x0001f439   Thumb Code     0  memcpya.o(.text)
    __aeabi_memcpy8                          0x0001f439   Thumb Code     0  memcpya.o(.text)
    __aeabi_memset                           0x0001f45d   Thumb Code    14  memseta.o(.text)
    __aeabi_memset4                          0x0001f45d   Thumb Code     0  memseta.o(.text)
    __aeabi_memset8                          0x0001f45d   Thumb Code     0  memseta.o(.text)
    __aeabi_memclr                           0x0001f46b   Thumb Code     4  memseta.o(.text)
    __aeabi_memclr4                          0x0001f46b   Thumb Code     0  memseta.o(.text)
    __aeabi_memclr8                          0x0001f46b   Thumb Code     0  memseta.o(.text)
    _memset$wrapper                          0x0001f46f   Thumb Code    18  memseta.o(.text)
    strlen                                   0x0001f481   Thumb Code    14  strlen.o(.text)
    strcpy                                   0x0001f48f   Thumb Code    18  strcpy.o(.text)
    __aeabi_dmul                             0x0001f4a1   Thumb Code   228  dmul.o(.text)
    __aeabi_ui2d                             0x0001f585   Thumb Code    26  dfltui.o(.text)
    __aeabi_f2d                              0x0001f59f   Thumb Code    38  f2d.o(.text)
    __aeabi_d2f                              0x0001f5c5   Thumb Code    56  d2f.o(.text)
    __aeabi_uidiv                            0x0001f5fd   Thumb Code     0  uidiv.o(.text)
    __aeabi_uidivmod                         0x0001f5fd   Thumb Code    44  uidiv.o(.text)
    __aeabi_uldivmod                         0x0001f629   Thumb Code    98  uldiv.o(.text)
    __aeabi_llsr                             0x0001f68b   Thumb Code    32  llushr.o(.text)
    _ll_ushift_r                             0x0001f68b   Thumb Code     0  llushr.o(.text)
    __I$use$fp                               0x0001f6ab   Thumb Code     0  iusefp.o(.text)
    _float_round                             0x0001f6ab   Thumb Code    18  fepilogue.o(.text)
    _float_epilogue                          0x0001f6bd   Thumb Code    92  fepilogue.o(.text)
    _double_round                            0x0001f719   Thumb Code    30  depilogue.o(.text)
    _double_epilogue                         0x0001f737   Thumb Code   156  depilogue.o(.text)
    __aeabi_dadd                             0x0001f7d3   Thumb Code   322  dadd.o(.text)
    __aeabi_dsub                             0x0001f915   Thumb Code     6  dadd.o(.text)
    __aeabi_drsub                            0x0001f91b   Thumb Code     6  dadd.o(.text)
    __aeabi_ddiv                             0x0001f921   Thumb Code   222  ddiv.o(.text)
    __aeabi_d2ulz                            0x0001f9ff   Thumb Code    48  dfixul.o(.text)
    __aeabi_cdrcmple                         0x0001fa31   Thumb Code    48  cdrcmple.o(.text)
    __scatterload                            0x0001fa61   Thumb Code    28  init.o(.text)
    __scatterload_rt2                        0x0001fa61   Thumb Code     0  init.o(.text)
    __aeabi_llsl                             0x0001fa85   Thumb Code    30  llshl.o(.text)
    _ll_shift_l                              0x0001fa85   Thumb Code     0  llshl.o(.text)
    __aeabi_lasr                             0x0001faa3   Thumb Code    36  llsshr.o(.text)
    _ll_sshift_r                             0x0001faa3   Thumb Code     0  llsshr.o(.text)
    __decompress                             0x0001fac7   Thumb Code     0  __dczerorl2.o(.text)
    __decompress1                            0x0001fac7   Thumb Code    86  __dczerorl2.o(.text)
    GPIOTE_IRQHandler                        0x0001fb1d   Thumb Code   310  nrf_drv_gpiote.o(i.GPIOTE_IRQHandler)
    POWER_CLOCK_IRQHandler                   0x0001fcf1   Thumb Code    84  nrf_drv_clock.o(i.POWER_CLOCK_IRQHandler)
    RTC1_IRQHandler                          0x0001fd49   Thumb Code    32  app_timer.o(i.RTC1_IRQHandler)
    SAADC_IRQHandler                         0x0001fd6d   Thumb Code   336  nrf_drv_saadc.o(i.SAADC_IRQHandler)
    SEGGER_RTT_Write                         0x0001fec5   Thumb Code   142  segger_rtt.o(i.SEGGER_RTT_Write)
    SEGGER_RTT_printf                        0x0001ff59   Thumb Code    22  segger_rtt_printf.o(i.SEGGER_RTT_printf)
    SEGGER_RTT_vprintf                       0x0001ff6f   Thumb Code   376  segger_rtt_printf.o(i.SEGGER_RTT_vprintf)
    SPIM0_SPIS0_TWIM0_TWIS0_SPI0_TWI0_IRQHandler 0x000200e9   Thumb Code    56  nrf_drv_spi.o(i.SPIM0_SPIS0_TWIM0_TWIS0_SPI0_TWI0_IRQHandler)
    SPIM1_SPIS1_TWIM1_TWIS1_SPI1_TWI1_IRQHandler 0x00020129   Thumb Code    10  nrf_drv_twi.o(i.SPIM1_SPIS1_TWIM1_TWIS1_SPI1_TWI1_IRQHandler)
    SWI0_EGU0_IRQHandler                     0x00020139   Thumb Code     4  app_timer.o(i.SWI0_EGU0_IRQHandler)
    SWI2_EGU2_IRQHandler                     0x0002013d   Thumb Code    32  softdevice_handler.o(i.SWI2_EGU2_IRQHandler)
    SystemInit                               0x00020161   Thumb Code   568  system_nrf52.o(i.SystemInit)
    TIMER0_IRQHandler                        0x000203cd   Thumb Code    10  nrf_drv_timer.o(i.TIMER0_IRQHandler)
    TIMER1_IRQHandler                        0x000203e1   Thumb Code    10  nrf_drv_timer.o(i.TIMER1_IRQHandler)
    UARTE0_UART0_IRQHandler                  0x000203f5   Thumb Code    20  nrf_drv_uart.o(i.UARTE0_UART0_IRQHandler)
    __0sprintf                               0x000205e9   Thumb Code    34  printfa.o(i.__0sprintf)
    __1sprintf                               0x000205e9   Thumb Code     0  printfa.o(i.__0sprintf)
    __2sprintf                               0x000205e9   Thumb Code     0  printfa.o(i.__0sprintf)
    __c89sprintf                             0x000205e9   Thumb Code     0  printfa.o(i.__0sprintf)
    sprintf                                  0x000205e9   Thumb Code     0  printfa.o(i.__0sprintf)
    __scatterload_copy                       0x00020611   Thumb Code    14  handlers.o(i.__scatterload_copy)
    __scatterload_null                       0x0002061f   Thumb Code     2  handlers.o(i.__scatterload_null)
    __scatterload_zeroinit                   0x00020621   Thumb Code    14  handlers.o(i.__scatterload_zeroinit)
    adv_data_encode                          0x00020ef1   Thumb Code   406  ble_advdata.o(i.adv_data_encode)
    afe4403Init                              0x00021119   Thumb Code   164  afe4403.o(i.afe4403Init)
    app_error_fault_handler                  0x00021215   Thumb Code    26  app_error_weak.o(i.app_error_fault_handler)
    app_error_handler_bare                   0x00021239   Thumb Code    22  app_error.o(i.app_error_handler_bare)
    app_fifo_get                             0x0002124f   Thumb Code    22  app_fifo.o(i.app_fifo_get)
    app_fifo_init                            0x00021265   Thumb Code    32  app_fifo.o(i.app_fifo_init)
    app_fifo_put                             0x00021285   Thumb Code    26  app_fifo.o(i.app_fifo_put)
    app_mailbox_create                       0x0002129f   Thumb Code    22  app_mailbox.o(i.app_mailbox_create)
    app_mailbox_get                          0x000212b5   Thumb Code    10  app_mailbox.o(i.app_mailbox_get)
    app_mailbox_length_get                   0x000212bf   Thumb Code     6  app_mailbox.o(i.app_mailbox_length_get)
    app_mailbox_put                          0x000212c5   Thumb Code     6  app_mailbox.o(i.app_mailbox_put)
    app_mailbox_sized_get                    0x000212cb   Thumb Code    82  app_mailbox.o(i.app_mailbox_sized_get)
    app_mailbox_sized_put                    0x0002131d   Thumb Code   116  app_mailbox.o(i.app_mailbox_sized_put)
    app_sched_event_put                      0x00021391   Thumb Code   134  app_scheduler.o(i.app_sched_event_put)
    app_sched_execute                        0x0002141d   Thumb Code    48  app_scheduler.o(i.app_sched_execute)
    app_sched_init                           0x00021451   Thumb Code    38  app_scheduler.o(i.app_sched_init)
    app_timer_create                         0x0002147d   Thumb Code    32  app_timer.o(i.app_timer_create)
    app_timer_init                           0x000214a1   Thumb Code    98  app_timer.o(i.app_timer_init)
    app_timer_start                          0x0002150d   Thumb Code   124  app_timer.o(i.app_timer_start)
    app_timer_stop                           0x00021591   Thumb Code    26  app_timer.o(i.app_timer_stop)
    app_uart_init                            0x000215b1   Thumb Code   164  app_uart_fifo.o(i.app_uart_init)
    app_util_critical_region_enter           0x00021665   Thumb Code    60  app_util_platform.o(i.app_util_critical_region_enter)
    app_util_critical_region_exit            0x000216a9   Thumb Code    46  app_util_platform.o(i.app_util_critical_region_exit)
    batteryInit                              0x00021761   Thumb Code     4  battery.o(i.batteryInit)
    bleInit                                  0x00021765   Thumb Code   346  bluetooth.o(i.bleInit)
    ble_advdata_set                          0x000218ed   Thumb Code   116  ble_advdata.o(i.ble_advdata_set)
    ble_advertising_init                     0x00021961   Thumb Code   278  ble_advertising.o(i.ble_advertising_init)
    ble_advertising_on_ble_evt               0x00021a81   Thumb Code    86  ble_advertising.o(i.ble_advertising_on_ble_evt)
    ble_advertising_on_sys_evt               0x00021add   Thumb Code    46  ble_advertising.o(i.ble_advertising_on_sys_evt)
    ble_advertising_restart_without_whitelist 0x00021b11   Thumb Code    50  ble_advertising.o(i.ble_advertising_restart_without_whitelist)
    ble_advertising_start                    0x00021b4d   Thumb Code   250  ble_advertising.o(i.ble_advertising_start)
    ble_conn_params_init                     0x00021c51   Thumb Code    72  ble_conn_params.o(i.ble_conn_params_init)
    ble_conn_params_on_ble_evt               0x00021ca9   Thumb Code   120  ble_conn_params.o(i.ble_conn_params_on_ble_evt)
    ble_nus_init                             0x00021db9   Thumb Code    94  ble_nus.o(i.ble_nus_init)
    ble_nus_on_ble_evt                       0x00021e1d   Thumb Code    90  ble_nus.o(i.ble_nus_on_ble_evt)
    ble_nus_string_send                      0x00021e77   Thumb Code    78  ble_nus.o(i.ble_nus_string_send)
    ble_srv_is_notification_enabled          0x00021ec5   Thumb Code     8  ble_srv_common.o(i.ble_srv_is_notification_enabled)
    bsp_btn_ble_init                         0x00021f39   Thumb Code    80  bsp_btn_ble.o(i.bsp_btn_ble_init)
    bsp_btn_ble_on_ble_evt                   0x00021f8d   Thumb Code   110  bsp_btn_ble.o(i.bsp_btn_ble_on_ble_evt)
    bsp_btn_ble_sleep_mode_prepare           0x00022001   Thumb Code    18  bsp_btn_ble.o(i.bsp_btn_ble_sleep_mode_prepare)
    bsp_button_is_pressed                    0x00022013   Thumb Code     6  bsp.o(i.bsp_button_is_pressed)
    bsp_event_handler                        0x00022019   Thumb Code    64  bluetooth.o(i.bsp_event_handler)
    bsp_event_to_button_action_assign        0x0002205d   Thumb Code     4  bsp.o(i.bsp_event_to_button_action_assign)
    bsp_indication_set                       0x00022061   Thumb Code    20  bsp.o(i.bsp_indication_set)
    bsp_init                                 0x00022079   Thumb Code    66  bsp.o(i.bsp_init)
    bsp_wakeup_buttons_set                   0x000222f5   Thumb Code     4  bsp.o(i.bsp_wakeup_buttons_set)
    clearScreen                              0x00022329   Thumb Code    74  lcd.o(i.clearScreen)
    count_total_sample_num                   0x00022539   Thumb Code   222  commandhandle.o(i.count_total_sample_num)
    data_transmit_continue                   0x00022671   Thumb Code   106  commandhandle.o(i.data_transmit_continue)
    data_transmit_format                     0x00022709   Thumb Code   412  commandhandle.o(i.data_transmit_format)
    device_id_change                         0x00022995   Thumb Code   172  flash.o(i.device_id_change)
    drawBMP                                  0x00022abd   Thumb Code    56  lcd.o(i.drawBMP)
    fs_erase                                 0x00022b69   Thumb Code   110  fstorage.o(i.fs_erase)
    fs_queued_op_count_get                   0x00022bdd   Thumb Code    18  fstorage.o(i.fs_queued_op_count_get)
    fs_store                                 0x00022bf5   Thumb Code   124  fstorage.o(i.fs_store)
    fs_sys_event_handler                     0x00022c75   Thumb Code   100  fstorage.o(i.fs_sys_event_handler)
    get_smaple_num                           0x00022e2d   Thumb Code    94  commandhandle.o(i.get_smaple_num)
    initSystem                               0x00022ef9   Thumb Code    30  main.o(i.initSystem)
    intern_softdevice_events_execute         0x00022f19   Thumb Code   118  softdevice_handler.o(i.intern_softdevice_events_execute)
    lcdInit                                  0x000230a5   Thumb Code   314  lcd.o(i.lcdInit)
    main                                     0x00023351   Thumb Code    34  main.o(i.main)
    msg_event_handler                        0x000233f1   Thumb Code    58  commandhandle.o(i.msg_event_handler)
    notify_msg_send                          0x00023a99   Thumb Code   114  commandhandle.o(i.notify_msg_send)
    nrf_drv_clock_init                       0x00023dd9   Thumb Code    46  nrf_drv_clock.o(i.nrf_drv_clock_init)
    nrf_drv_clock_on_sd_enable               0x00023e11   Thumb Code    44  nrf_drv_clock.o(i.nrf_drv_clock_on_sd_enable)
    nrf_drv_clock_on_soc_event               0x00023e41   Thumb Code    10  nrf_drv_clock.o(i.nrf_drv_clock_on_soc_event)
    nrf_drv_common_irq_enable                0x00023e4b   Thumb Code    56  nrf_drv_common.o(i.nrf_drv_common_irq_enable)
    nrf_drv_saadc_buffer_convert             0x00023e85   Thumb Code   156  nrf_drv_saadc.o(i.nrf_drv_saadc_buffer_convert)
    nrf_drv_saadc_channel_init               0x00023f29   Thumb Code    64  nrf_drv_saadc.o(i.nrf_drv_saadc_channel_init)
    nrf_drv_saadc_init                       0x00023f6d   Thumb Code   118  nrf_drv_saadc.o(i.nrf_drv_saadc_init)
    nrf_drv_timer_compare                    0x00023ff5   Thumb Code    34  nrf_drv_timer.o(i.nrf_drv_timer_compare)
    nrf_drv_timer_enable                     0x00024019   Thumb Code    24  nrf_drv_timer.o(i.nrf_drv_timer_enable)
    nrf_drv_timer_extended_compare           0x00024035   Thumb Code    42  nrf_drv_timer.o(i.nrf_drv_timer_extended_compare)
    nrf_drv_timer_init                       0x00024061   Thumb Code   138  nrf_drv_timer.o(i.nrf_drv_timer_init)
    nrf_drv_uart_init                        0x000240f1   Thumb Code   190  nrf_drv_uart.o(i.nrf_drv_uart_init)
    nrf_drv_uart_rx                          0x000241bd   Thumb Code   150  nrf_drv_uart.o(i.nrf_drv_uart_rx)
    nrf_drv_uart_rx_enable                   0x00024259   Thumb Code    42  nrf_drv_uart.o(i.nrf_drv_uart_rx_enable)
    nrf_drv_uart_tx                          0x000243dd   Thumb Code   264  nrf_drv_uart.o(i.nrf_drv_uart_tx)
    nrf_drv_uart_tx_in_progress              0x000244e9   Thumb Code    18  nrf_drv_uart.o(i.nrf_drv_uart_tx_in_progress)
    nrf_saadc_channel_init                   0x00024641   Thumb Code   100  nrf_saadc.o(i.nrf_saadc_channel_init)
    readDiagnostics                          0x00024a15   Thumb Code    16  afe4403.o(i.readDiagnostics)
    saadc_init                               0x00024c91   Thumb Code    78  battery.o(i.saadc_init)
    showChar                                 0x00024ee9   Thumb Code   138  lcd.o(i.showChar)
    showSpo2page                             0x00024f81   Thumb Code    32  lcd.o(i.showSpo2page)
    showString                               0x00024fad   Thumb Code    50  lcd.o(i.showString)
    softdevice_ble_evt_handler_set           0x00025009   Thumb Code    14  softdevice_handler.o(i.softdevice_ble_evt_handler_set)
    softdevice_enable                        0x0002501d   Thumb Code    14  softdevice_handler.o(i.softdevice_enable)
    softdevice_enable_get_default_config     0x00025031   Thumb Code    38  softdevice_handler.o(i.softdevice_enable_get_default_config)
    softdevice_fault_handler                 0x00025057   Thumb Code     4  softdevice_handler.o(i.softdevice_fault_handler)
    softdevice_handler_init                  0x0002505d   Thumb Code    94  softdevice_handler.o(i.softdevice_handler_init)
    softdevice_handler_is_enabled            0x000250c5   Thumb Code     6  softdevice_handler.o(i.softdevice_handler_is_enabled)
    softdevice_sys_evt_handler_set           0x000250d1   Thumb Code    14  softdevice_handler.o(i.softdevice_sys_evt_handler_set)
    spiReadWriteByte                         0x000250e5   Thumb Code   314  afe4403.o(i.spiReadWriteByte)
    timerEventHandler                        0x00025325   Thumb Code   102  timer.o(i.timerEventHandler)
    timerInit                                0x00025391   Thumb Code    72  timer.o(i.timerInit)
    timerRun                                 0x000253e5   Thumb Code    46  timer.o(i.timerRun)
    uartInit                                 0x0002595d   Thumb Code    54  uart.o(i.uartInit)
    ble_notify_queue                         0x00025e54   Data          12  bluetooth.o(.constdata)
    F6x8                                     0x00025e60   Data         552  lcd.o(.constdata)
    F8X16                                    0x00026088   Data        1520  lcd.o(.constdata)
    Region$$Table$$Base                      0x000266fc   Number         0  anon$$obj.o(Region$$Table)
    Region$$Table$$Limit                     0x0002671c   Number         0  anon$$obj.o(Region$$Table)
    Image$$RW_IRAM1$$Base                    0x20002128   Number         0  anon$$obj.o ABSOLUTE
    voltage                                  0x20002128   Data           4  battery.o(.data)
    erase_all_data_flag                      0x20002138   Data           1  flash.o(.data)
    data_end_addr                            0x2000213c   Data           4  flash.o(.data)
    Hzk                                      0x200022c1   Data         448  lcd.o(.data)
    notify_is_sched                          0x2000248c   Data           1  commandhandle.o(.data)
    SystemCoreClock                          0x200025b4   Data           4  system_nrf52.o(.data)
    fs_data$$Base                            0x200025b8   Number         0  flash.o(fs_data)
    fs_data$$Limit                           0x200025c8   Number         0  flash.o(fs_data)
    m_nus                                    0x200039b8   Data          28  bluetooth.o(.bss)
    test_buffer                              0x20004a3c   Data         100  flash.o(.bss)
    sample_data_buffer                       0x20004aa0   Data          12  flash.o(.bss)
    device_id_set                            0x20004aac   Data         220  flash.o(.bss)
    sample_info_buffer                       0x20005188   Data         160  commandhandle.o(.bss)
    nrf_nvic_state                           0x200052a0   Data          12  app_util_platform.o(.bss)
    __initial_sp                             0x20007990   Data           0  arm_startup_nrf52.o(STACK)



==============================================================================

Memory Map of the image

  Image Entry point : 0x0001f401

  Load Region LR_IROM1 (Base: 0x0001f000, Size: 0x00007bbc, Max: 0x00061000, ABSOLUTE, COMPRESSED[0x00007888])

    Execution Region ER_IROM1 (Base: 0x0001f000, Size: 0x0000771c, Max: 0x00061000, ABSOLUTE)

    Base Addr    Size         Type   Attr      Idx    E Section Name        Object

    0x0001f000   0x00000400   Data   RO         3672    RESET               arm_startup_nrf52.o
    0x0001f400   0x00000000   Code   RO         3713  * .ARM.Collect$$$$00000000  mc_w.l(entry.o)
    0x0001f400   0x00000004   Code   RO         3997    .ARM.Collect$$$$00000001  mc_w.l(entry2.o)
    0x0001f404   0x00000004   Code   RO         4000    .ARM.Collect$$$$00000004  mc_w.l(entry5.o)
    0x0001f408   0x00000000   Code   RO         4002    .ARM.Collect$$$$00000008  mc_w.l(entry7b.o)
    0x0001f408   0x00000000   Code   RO         4004    .ARM.Collect$$$$0000000A  mc_w.l(entry8b.o)
    0x0001f408   0x00000008   Code   RO         4005    .ARM.Collect$$$$0000000B  mc_w.l(entry9a.o)
    0x0001f410   0x00000000   Code   RO         4007    .ARM.Collect$$$$0000000D  mc_w.l(entry10a.o)
    0x0001f410   0x00000000   Code   RO         4009    .ARM.Collect$$$$0000000F  mc_w.l(entry11a.o)
    0x0001f410   0x00000004   Code   RO         3998    .ARM.Collect$$$$00002712  mc_w.l(entry2.o)
    0x0001f414   0x00000024   Code   RO         3673    .text               arm_startup_nrf52.o
    0x0001f438   0x00000024   Code   RO         3716    .text               mc_w.l(memcpya.o)
    0x0001f45c   0x00000024   Code   RO         3718    .text               mc_w.l(memseta.o)
    0x0001f480   0x0000000e   Code   RO         3720    .text               mc_w.l(strlen.o)
    0x0001f48e   0x00000012   Code   RO         3722    .text               mc_w.l(strcpy.o)
    0x0001f4a0   0x000000e4   Code   RO         3987    .text               mf_w.l(dmul.o)
    0x0001f584   0x0000001a   Code   RO         3989    .text               mf_w.l(dfltui.o)
    0x0001f59e   0x00000026   Code   RO         3993    .text               mf_w.l(f2d.o)
    0x0001f5c4   0x00000038   Code   RO         3995    .text               mf_w.l(d2f.o)
    0x0001f5fc   0x0000002c   Code   RO         4011    .text               mc_w.l(uidiv.o)
    0x0001f628   0x00000062   Code   RO         4013    .text               mc_w.l(uldiv.o)
    0x0001f68a   0x00000020   Code   RO         4015    .text               mc_w.l(llushr.o)
    0x0001f6aa   0x00000000   Code   RO         4017    .text               mc_w.l(iusefp.o)
    0x0001f6aa   0x0000006e   Code   RO         4018    .text               mf_w.l(fepilogue.o)
    0x0001f718   0x000000ba   Code   RO         4020    .text               mf_w.l(depilogue.o)
    0x0001f7d2   0x0000014e   Code   RO         4022    .text               mf_w.l(dadd.o)
    0x0001f920   0x000000de   Code   RO         4024    .text               mf_w.l(ddiv.o)
    0x0001f9fe   0x00000030   Code   RO         4026    .text               mf_w.l(dfixul.o)
    0x0001fa2e   0x00000002   PAD
    0x0001fa30   0x00000030   Code   RO         4028    .text               mf_w.l(cdrcmple.o)
    0x0001fa60   0x00000024   Code   RO         4030    .text               mc_w.l(init.o)
    0x0001fa84   0x0000001e   Code   RO         4032    .text               mc_w.l(llshl.o)
    0x0001faa2   0x00000024   Code   RO         4034    .text               mc_w.l(llsshr.o)
    0x0001fac6   0x00000056   Code   RO         4044    .text               mc_w.l(__dczerorl2.o)
    0x0001fb1c   0x00000144   Code   RO         2159    i.GPIOTE_IRQHandler  nrf_drv_gpiote.o
    0x0001fc60   0x00000016   Code   RO         1402    i.NVIC_ClearPendingIRQ  app_timer.o
    0x0001fc76   0x00000016   Code   RO         3429    i.NVIC_DisableIRQ   softdevice_handler.o
    0x0001fc8c   0x00000016   Code   RO         1403    i.NVIC_EnableIRQ    app_timer.o
    0x0001fca2   0x00000016   Code   RO         3430    i.NVIC_EnableIRQ    softdevice_handler.o
    0x0001fcb8   0x00000016   Code   RO         1404    i.NVIC_SetPendingIRQ  app_timer.o
    0x0001fcce   0x00000020   Code   RO         1405    i.NVIC_SetPriority  app_timer.o
    0x0001fcee   0x00000002   PAD
    0x0001fcf0   0x00000058   Code   RO         1967    i.POWER_CLOCK_IRQHandler  nrf_drv_clock.o
    0x0001fd48   0x00000024   Code   RO         1406    i.RTC1_IRQHandler   app_timer.o
    0x0001fd6c   0x00000158   Code   RO         2817    i.SAADC_IRQHandler  nrf_drv_saadc.o
    0x0001fec4   0x00000094   Code   RO         3577    i.SEGGER_RTT_Write  segger_rtt.o
    0x0001ff58   0x00000016   Code   RO         3633    i.SEGGER_RTT_printf  segger_rtt_printf.o
    0x0001ff6e   0x00000178   Code   RO         3634    i.SEGGER_RTT_vprintf  segger_rtt_printf.o
    0x000200e6   0x00000002   PAD
    0x000200e8   0x00000040   Code   RO         2703    i.SPIM0_SPIS0_TWIM0_TWIS0_SPI0_TWI0_IRQHandler  nrf_drv_spi.o
    0x00020128   0x00000010   Code   RO         2947    i.SPIM1_SPIS1_TWIM1_TWIS1_SPI1_TWI1_IRQHandler  nrf_drv_twi.o
    0x00020138   0x00000004   Code   RO         1407    i.SWI0_EGU0_IRQHandler  app_timer.o
    0x0002013c   0x00000024   Code   RO         3431    i.SWI2_EGU2_IRQHandler  softdevice_handler.o
    0x00020160   0x0000026c   Code   RO         3681    i.SystemInit        system_nrf52.o
    0x000203cc   0x00000014   Code   RO         2583    i.TIMER0_IRQHandler  nrf_drv_timer.o
    0x000203e0   0x00000014   Code   RO         2584    i.TIMER1_IRQHandler  nrf_drv_timer.o
    0x000203f4   0x0000001c   Code   RO         2382    i.UARTE0_UART0_IRQHandler  nrf_drv_uart.o
    0x00020410   0x000000c0   Code   RO         3635    i._PrintInt         segger_rtt_printf.o
    0x000204d0   0x000000d8   Code   RO         3636    i._PrintUnsigned    segger_rtt_printf.o
    0x000205a8   0x0000003e   Code   RO         3637    i._StoreChar        segger_rtt_printf.o
    0x000205e6   0x00000002   PAD
    0x000205e8   0x00000028   Code   RO         3961    i.__0sprintf        mc_w.l(printfa.o)
    0x00020610   0x0000000e   Code   RO         4038    i.__scatterload_copy  mc_w.l(handlers.o)
    0x0002061e   0x00000002   Code   RO         4039    i.__scatterload_null  mc_w.l(handlers.o)
    0x00020620   0x0000000e   Code   RO         4040    i.__scatterload_zeroinit  mc_w.l(handlers.o)
    0x0002062e   0x00000002   PAD
    0x00020630   0x00000024   Code   RO         3432    i.__sd_nvic_app_accessible_irq  softdevice_handler.o
    0x00020654   0x00000164   Code   RO         3966    i._fp_digits        mc_w.l(printfa.o)
    0x000207b8   0x000006dc   Code   RO         3967    i._printf_core      mc_w.l(printfa.o)
    0x00020e94   0x00000024   Code   RO         3968    i._printf_post_padding  mc_w.l(printfa.o)
    0x00020eb8   0x0000002e   Code   RO         3969    i._printf_pre_padding  mc_w.l(printfa.o)
    0x00020ee6   0x0000000a   Code   RO         3971    i._sputc            mc_w.l(printfa.o)
    0x00020ef0   0x00000196   Code   RO         3102    i.adv_data_encode   ble_advdata.o
    0x00021086   0x00000002   PAD
    0x00021088   0x00000058   Code   RO         3179    i.adv_mode_next_avail_get  ble_advertising.o
    0x000210e0   0x00000036   Code   RO         1126    i.advertising_buttons_configure  bsp_btn_ble.o
    0x00021116   0x00000002   PAD
    0x00021118   0x000000dc   Code   RO          156    i.afe4403Init       afe4403.o
    0x000211f4   0x00000020   Code   RO         1025    i.alert_timer_handler  bsp.o
    0x00021214   0x00000024   Code   RO         1298    i.app_error_fault_handler  app_error_weak.o
    0x00021238   0x00000016   Code   RO         1244    i.app_error_handler_bare  app_error.o
    0x0002124e   0x00000016   Code   RO         1330    i.app_fifo_get      app_fifo.o
    0x00021264   0x00000020   Code   RO         1331    i.app_fifo_init     app_fifo.o
    0x00021284   0x0000001a   Code   RO         1333    i.app_fifo_put      app_fifo.o
    0x0002129e   0x00000016   Code   RO         1853    i.app_mailbox_create  app_mailbox.o
    0x000212b4   0x0000000a   Code   RO         1854    i.app_mailbox_get   app_mailbox.o
    0x000212be   0x00000006   Code   RO         1855    i.app_mailbox_length_get  app_mailbox.o
    0x000212c4   0x00000006   Code   RO         1857    i.app_mailbox_put   app_mailbox.o
    0x000212ca   0x00000052   Code   RO         1858    i.app_mailbox_sized_get  app_mailbox.o
    0x0002131c   0x00000074   Code   RO         1859    i.app_mailbox_sized_put  app_mailbox.o
    0x00021390   0x0000008c   Code   RO         1918    i.app_sched_event_put  app_scheduler.o
    0x0002141c   0x00000034   Code   RO         1919    i.app_sched_execute  app_scheduler.o
    0x00021450   0x0000002c   Code   RO         1920    i.app_sched_init    app_scheduler.o
    0x0002147c   0x00000024   Code   RO         1410    i.app_timer_create  app_timer.o
    0x000214a0   0x0000006c   Code   RO         1411    i.app_timer_init    app_timer.o
    0x0002150c   0x00000084   Code   RO         1412    i.app_timer_start   app_timer.o
    0x00021590   0x00000020   Code   RO         1413    i.app_timer_stop    app_timer.o
    0x000215b0   0x000000b4   Code   RO         1568    i.app_uart_init     app_uart_fifo.o
    0x00021664   0x00000044   Code   RO         1634    i.app_util_critical_region_enter  app_util_platform.o
    0x000216a8   0x00000034   Code   RO         1635    i.app_util_critical_region_exit  app_util_platform.o
    0x000216dc   0x00000084   Code   RO         2383    i.apply_config      nrf_drv_uart.o
    0x00021760   0x00000004   Code   RO          322    i.batteryInit       battery.o
    0x00021764   0x00000188   Code   RO          371    i.bleInit           bluetooth.o
    0x000218ec   0x00000074   Code   RO         3103    i.ble_advdata_set   ble_advdata.o
    0x00021960   0x00000120   Code   RO         3180    i.ble_advertising_init  ble_advertising.o
    0x00021a80   0x0000005c   Code   RO         3181    i.ble_advertising_on_ble_evt  ble_advertising.o
    0x00021adc   0x00000034   Code   RO         3182    i.ble_advertising_on_sys_evt  ble_advertising.o
    0x00021b10   0x0000003c   Code   RO         3184    i.ble_advertising_restart_without_whitelist  ble_advertising.o
    0x00021b4c   0x00000104   Code   RO         3185    i.ble_advertising_start  ble_advertising.o
    0x00021c50   0x00000058   Code   RO         3258    i.ble_conn_params_init  ble_conn_params.o
    0x00021ca8   0x00000084   Code   RO         3259    i.ble_conn_params_on_ble_evt  ble_conn_params.o
    0x00021d2c   0x00000060   Code   RO         3104    i.ble_device_addr_encode  ble_advdata.o
    0x00021d8c   0x0000002c   Code   RO          372    i.ble_evt_dispatch  bluetooth.o
    0x00021db8   0x00000064   Code   RO         3382    i.ble_nus_init      ble_nus.o
    0x00021e1c   0x0000005a   Code   RO         3383    i.ble_nus_on_ble_evt  ble_nus.o
    0x00021e76   0x0000004e   Code   RO         3384    i.ble_nus_string_send  ble_nus.o
    0x00021ec4   0x00000008   Code   RO         3321    i.ble_srv_is_notification_enabled  ble_srv_common.o
    0x00021ecc   0x0000006c   Code   RO          373    i.ble_stack_init    bluetooth.o
    0x00021f38   0x00000054   Code   RO         1127    i.bsp_btn_ble_init  bsp_btn_ble.o
    0x00021f8c   0x00000074   Code   RO         1128    i.bsp_btn_ble_on_ble_evt  bsp_btn_ble.o
    0x00022000   0x00000012   Code   RO         1129    i.bsp_btn_ble_sleep_mode_prepare  bsp_btn_ble.o
    0x00022012   0x00000006   Code   RO         1026    i.bsp_button_is_pressed  bsp.o
    0x00022018   0x00000044   Code   RO          374    i.bsp_event_handler  bluetooth.o
    0x0002205c   0x00000004   Code   RO         1030    i.bsp_event_to_button_action_assign  bsp.o
    0x00022060   0x00000018   Code   RO         1031    i.bsp_indication_set  bsp.o
    0x00022078   0x00000058   Code   RO         1033    i.bsp_init          bsp.o
    0x000220d0   0x00000224   Code   RO         1034    i.bsp_led_indication  bsp.o
    0x000222f4   0x00000004   Code   RO         1035    i.bsp_wakeup_buttons_set  bsp.o
    0x000222f8   0x00000010   Code   RO         2162    i.channel_port_get  nrf_drv_gpiote.o
    0x00022308   0x00000020   Code   RO         1686    i.check_config      fstorage.o
    0x00022328   0x00000050   Code   RO          641    i.clearScreen       lcd.o
    0x00022378   0x00000028   Code   RO         1968    i.clock_clk_started_notify  nrf_drv_clock.o
    0x000223a0   0x000000ac   Code   RO         1415    i.compare_reg_update  app_timer.o
    0x0002244c   0x0000008c   Code   RO         3105    i.conn_int_encode   ble_advdata.o
    0x000224d8   0x00000004   Code   RO          375    i.conn_params_error_handler  bluetooth.o
    0x000224dc   0x0000005c   Code   RO         3261    i.conn_params_negotiation  ble_conn_params.o
    0x00022538   0x00000138   Code   RO          903    i.count_total_sample_num  commandhandle.o
    0x00022670   0x00000098   Code   RO          904    i.data_transmit_continue  commandhandle.o
    0x00022708   0x00000274   Code   RO          905    i.data_transmit_format  commandhandle.o
    0x0002297c   0x00000016   Code   RO         1860    i.dequeue           app_mailbox.o
    0x00022992   0x00000002   PAD
    0x00022994   0x00000128   Code   RO          571    i.device_id_change  flash.o
    0x00022abc   0x0000003c   Code   RO          644    i.drawBMP           lcd.o
    0x00022af8   0x00000040   Code   RO         1416    i.elapsed_ticks_acquire  app_timer.o
    0x00022b38   0x00000008   Code   RO          164    i.enableRead        afe4403.o
    0x00022b40   0x00000014   Code   RO         1336    i.fifo_get          app_fifo.o
    0x00022b54   0x00000012   Code   RO         1337    i.fifo_put          app_fifo.o
    0x00022b66   0x00000002   PAD
    0x00022b68   0x00000074   Code   RO         1687    i.fs_erase          fstorage.o
    0x00022bdc   0x00000018   Code   RO         1690    i.fs_queued_op_count_get  fstorage.o
    0x00022bf4   0x00000080   Code   RO         1691    i.fs_store          fstorage.o
    0x00022c74   0x0000006c   Code   RO         1692    i.fs_sys_event_handler  fstorage.o
    0x00022ce0   0x0000014c   Code   RO          573    i.fstorage_handler  flash.o
    0x00022e2c   0x000000cc   Code   RO          906    i.get_smaple_num    commandhandle.o
    0x00022ef8   0x0000001e   Code   RO            4    i.initSystem        main.o
    0x00022f16   0x00000002   PAD
    0x00022f18   0x0000007c   Code   RO         3433    i.intern_softdevice_events_execute  softdevice_handler.o
    0x00022f94   0x0000003e   Code   RO         2585    i.irq_handler       nrf_drv_timer.o
    0x00022fd2   0x000000b6   Code   RO         2948    i.irq_handler_twi   nrf_drv_twi.o
    0x00023088   0x0000001c   Code   RO         3262    i.is_conn_params_ok  ble_conn_params.o
    0x000230a4   0x0000013a   Code   RO          646    i.lcdInit           lcd.o
    0x000231de   0x00000002   PAD
    0x000231e0   0x00000014   Code   RO         1037    i.leds_timer_handler  bsp.o
    0x000231f4   0x000000a4   Code   RO         1417    i.list_deletions_handler  app_timer.o
    0x00023298   0x000000b8   Code   RO         1418    i.list_insertions_handler  app_timer.o
    0x00023350   0x0000003c   Code   RO            5    i.main              main.o
    0x0002338c   0x00000064   Code   RO         3106    i.manuf_specific_data_encode  ble_advdata.o
    0x000233f0   0x00000080   Code   RO          907    i.msg_event_handler  commandhandle.o
    0x00023470   0x00000518   Code   RO          908    i.msg_scheduler_event_handler  commandhandle.o
    0x00023988   0x0000009c   Code   RO         3107    i.name_encode       ble_advdata.o
    0x00023a24   0x00000018   Code   RO         1922    i.next_index        app_scheduler.o
    0x00023a3c   0x0000005c   Code   RO          909    i.notify_msg_scheduler_event_handler  commandhandle.o
    0x00023a98   0x000000e8   Code   RO          910    i.notify_msg_send   commandhandle.o
    0x00023b80   0x0000000e   Code   RO         1972    i.nrf_clock_event_check  nrf_drv_clock.o
    0x00023b8e   0x00000010   Code   RO         1973    i.nrf_clock_event_clear  nrf_drv_clock.o
    0x00023b9e   0x0000000a   Code   RO          647    i.nrf_delay_ms      lcd.o
    0x00023ba8   0x0000008c   Code   RO          166    i.nrf_delay_us      afe4403.o
    0x00023c34   0x0000008c   Code   RO          648    i.nrf_delay_us      lcd.o
    0x00023cc0   0x0000008c   Code   RO          911    i.nrf_delay_us      commandhandle.o
    0x00023d4c   0x0000008c   Code   RO         1419    i.nrf_delay_us      app_timer.o
    0x00023dd8   0x00000038   Code   RO         1980    i.nrf_drv_clock_init  nrf_drv_clock.o
    0x00023e10   0x00000030   Code   RO         1986    i.nrf_drv_clock_on_sd_enable  nrf_drv_clock.o
    0x00023e40   0x0000000a   Code   RO         1987    i.nrf_drv_clock_on_soc_event  nrf_drv_clock.o
    0x00023e4a   0x00000038   Code   RO         2128    i.nrf_drv_common_irq_enable  nrf_drv_common.o
    0x00023e82   0x00000002   PAD
    0x00023e84   0x000000a4   Code   RO         2819    i.nrf_drv_saadc_buffer_convert  nrf_drv_saadc.o
    0x00023f28   0x00000044   Code   RO         2821    i.nrf_drv_saadc_channel_init  nrf_drv_saadc.o
    0x00023f6c   0x00000088   Code   RO         2823    i.nrf_drv_saadc_init  nrf_drv_saadc.o
    0x00023ff4   0x00000022   Code   RO         2588    i.nrf_drv_timer_compare  nrf_drv_timer.o
    0x00024016   0x00000002   PAD
    0x00024018   0x0000001c   Code   RO         2592    i.nrf_drv_timer_enable  nrf_drv_timer.o
    0x00024034   0x0000002a   Code   RO         2593    i.nrf_drv_timer_extended_compare  nrf_drv_timer.o
    0x0002405e   0x00000002   PAD
    0x00024060   0x00000090   Code   RO         2595    i.nrf_drv_timer_init  nrf_drv_timer.o
    0x000240f0   0x000000cc   Code   RO         2385    i.nrf_drv_uart_init  nrf_drv_uart.o
    0x000241bc   0x0000009c   Code   RO         2386    i.nrf_drv_uart_rx   nrf_drv_uart.o
    0x00024258   0x00000030   Code   RO         2389    i.nrf_drv_uart_rx_enable  nrf_drv_uart.o
    0x00024288   0x000000a8   Code   RO         2390    i.nrf_drv_uart_rx_for_uart  nrf_drv_uart.o
    0x00024330   0x000000ac   Code   RO         2391    i.nrf_drv_uart_rx_for_uarte  nrf_drv_uart.o
    0x000243dc   0x0000010c   Code   RO         2392    i.nrf_drv_uart_tx   nrf_drv_uart.o
    0x000244e8   0x00000018   Code   RO         2394    i.nrf_drv_uart_tx_in_progress  nrf_drv_uart.o
    0x00024500   0x00000022   Code   RO          167    i.nrf_gpio_cfg      afe4403.o
    0x00024522   0x00000022   Code   RO         2396    i.nrf_gpio_cfg      nrf_drv_uart.o
    0x00024544   0x00000012   Code   RO          168    i.nrf_gpio_cfg_input  afe4403.o
    0x00024556   0x00000012   Code   RO         2398    i.nrf_gpio_cfg_input  nrf_drv_uart.o
    0x00024568   0x00000014   Code   RO          169    i.nrf_gpio_cfg_output  afe4403.o
    0x0002457c   0x0000000e   Code   RO          649    i.nrf_gpio_cfg_output  lcd.o
    0x0002458a   0x00000014   Code   RO         2399    i.nrf_gpio_cfg_output  nrf_drv_uart.o
    0x0002459e   0x0000001c   Code   RO         2188    i.nrf_gpio_cfg_sense_set  nrf_drv_gpiote.o
    0x000245ba   0x00000002   PAD
    0x000245bc   0x00000010   Code   RO          170    i.nrf_gpio_pin_clear  afe4403.o
    0x000245cc   0x00000010   Code   RO          650    i.nrf_gpio_pin_clear  lcd.o
    0x000245dc   0x00000010   Code   RO          171    i.nrf_gpio_pin_set  afe4403.o
    0x000245ec   0x00000010   Code   RO          651    i.nrf_gpio_pin_set  lcd.o
    0x000245fc   0x00000010   Code   RO         2710    i.nrf_gpio_pin_set  nrf_drv_spi.o
    0x0002460c   0x00000014   Code   RO         2189    i.nrf_gpiote_event_clear  nrf_drv_gpiote.o
    0x00024620   0x00000010   Code   RO         2190    i.nrf_gpiote_event_is_set  nrf_drv_gpiote.o
    0x00024630   0x00000010   Code   RO         2830    i.nrf_saadc_buffer_init  nrf_drv_saadc.o
    0x00024640   0x00000068   Code   RO         2790    i.nrf_saadc_channel_init  nrf_saadc.o
    0x000246a8   0x00000014   Code   RO         2831    i.nrf_saadc_channel_input_set  nrf_drv_saadc.o
    0x000246bc   0x00000010   Code   RO         2832    i.nrf_saadc_event_check  nrf_drv_saadc.o
    0x000246cc   0x00000014   Code   RO         2833    i.nrf_saadc_event_clear  nrf_drv_saadc.o
    0x000246e0   0x0000000a   Code   RO         2961    i.nrf_twi_event_check  nrf_drv_twi.o
    0x000246ea   0x0000000c   Code   RO         2962    i.nrf_twi_event_clear  nrf_drv_twi.o
    0x000246f6   0x0000000a   Code   RO         2400    i.nrf_uart_event_check  nrf_drv_uart.o
    0x00024700   0x0000000c   Code   RO         2401    i.nrf_uart_event_clear  nrf_drv_uart.o
    0x0002470c   0x0000000c   Code   RO         2402    i.nrf_uart_int_enable_check  nrf_drv_uart.o
    0x00024718   0x0000000a   Code   RO         2403    i.nrf_uarte_event_check  nrf_drv_uart.o
    0x00024722   0x0000000c   Code   RO         2404    i.nrf_uarte_event_clear  nrf_drv_uart.o
    0x0002472e   0x00000002   PAD
    0x00024730   0x0000003c   Code   RO          376    i.nus_data_handler  bluetooth.o
    0x0002476c   0x00000024   Code   RO          377    i.on_adv_evt        bluetooth.o
    0x00024790   0x0000010c   Code   RO          378    i.on_ble_evt        bluetooth.o
    0x0002489c   0x0000001c   Code   RO          379    i.on_conn_params_evt  bluetooth.o
    0x000248b8   0x00000054   Code   RO         1693    i.on_operation_success  fstorage.o
    0x0002490c   0x00000038   Code   RO         1694    i.queue_advance     fstorage.o
    0x00024944   0x00000040   Code   RO         1695    i.queue_get_next_free  fstorage.o
    0x00024984   0x00000074   Code   RO         1696    i.queue_process     fstorage.o
    0x000249f8   0x0000001c   Code   RO         1697    i.queue_start       fstorage.o
    0x00024a14   0x00000010   Code   RO          172    i.readDiagnostics   afe4403.o
    0x00024a24   0x0000000e   Code   RO          173    i.readRegister      afe4403.o
    0x00024a32   0x00000002   PAD
    0x00024a34   0x00000048   Code   RO          652    i.refreshGram       lcd.o
    0x00024a7c   0x0000003c   Code   RO         1420    i.rtc1_stop         app_timer.o
    0x00024ab8   0x00000032   Code   RO         2406    i.rx_byte           nrf_drv_uart.o
    0x00024aea   0x000000dc   Code   RO         3385    i.rx_char_add       ble_nus.o
    0x00024bc6   0x00000018   Code   RO         2407    i.rx_done_event     nrf_drv_uart.o
    0x00024bde   0x00000020   Code   RO         2408    i.rx_enable         nrf_drv_uart.o
    0x00024bfe   0x00000002   PAD
    0x00024c00   0x00000090   Code   RO          323    i.saadc_callback    battery.o
    0x00024c90   0x0000005c   Code   RO          324    i.saadc_init        battery.o
    0x00024cec   0x00000070   Code   RO         3435    i.sd_nvic_EnableIRQ  softdevice_handler.o
    0x00024d5c   0x0000004c   Code   RO         1698    i.send_event        fstorage.o
    0x00024da8   0x00000082   Code   RO         3108    i.service_data_encode  ble_advdata.o
    0x00024e2a   0x00000032   Code   RO          653    i.setPos            lcd.o
    0x00024e5c   0x00000048   Code   RO         3187    i.set_adv_mode_fast  ble_advertising.o
    0x00024ea4   0x00000044   Code   RO         3188    i.set_adv_mode_slow  ble_advertising.o
    0x00024ee8   0x00000098   Code   RO          655    i.showChar          lcd.o
    0x00024f80   0x0000002c   Code   RO          658    i.showSpo2page      lcd.o
    0x00024fac   0x00000032   Code   RO          659    i.showString        lcd.o
    0x00024fde   0x00000028   Code   RO          380    i.sleep_mode_enter  bluetooth.o
    0x00025006   0x00000002   PAD
    0x00025008   0x00000014   Code   RO         3436    i.softdevice_ble_evt_handler_set  softdevice_handler.o
    0x0002501c   0x00000014   Code   RO         3437    i.softdevice_enable  softdevice_handler.o
    0x00025030   0x00000026   Code   RO         3438    i.softdevice_enable_get_default_config  softdevice_handler.o
    0x00025056   0x00000004   Code   RO         3439    i.softdevice_fault_handler  softdevice_handler.o
    0x0002505a   0x00000002   PAD
    0x0002505c   0x00000068   Code   RO         3440    i.softdevice_handler_init  softdevice_handler.o
    0x000250c4   0x0000000c   Code   RO         3441    i.softdevice_handler_is_enabled  softdevice_handler.o
    0x000250d0   0x00000014   Code   RO         3446    i.softdevice_sys_evt_handler_set  softdevice_handler.o
    0x000250e4   0x0000022c   Code   RO          174    i.spiReadWriteByte  afe4403.o
    0x00025310   0x00000012   Code   RO          381    i.sys_evt_dispatch  bluetooth.o
    0x00025322   0x00000002   PAD
    0x00025324   0x0000006c   Code   RO          803    i.timerEventHandler  timer.o
    0x00025390   0x00000054   Code   RO          804    i.timerInit         timer.o
    0x000253e4   0x00000034   Code   RO          805    i.timerRun          timer.o
    0x00025418   0x0000007c   Code   RO         1421    i.timer_list_handler  app_timer.o
    0x00025494   0x0000003c   Code   RO         1422    i.timer_list_insert  app_timer.o
    0x000254d0   0x00000044   Code   RO         1423    i.timer_stop_op_schedule  app_timer.o
    0x00025514   0x00000084   Code   RO         1424    i.timer_timeouts_check  app_timer.o
    0x00025598   0x00000050   Code   RO         2712    i.transfer_byte     nrf_drv_spi.o
    0x000255e8   0x0000001e   Code   RO         2964    i.twi_process_error  nrf_drv_twi.o
    0x00025606   0x000000a0   Code   RO         2965    i.twi_rx_start_transfer  nrf_drv_twi.o
    0x000256a6   0x00000028   Code   RO         2966    i.twi_send_byte     nrf_drv_twi.o
    0x000256ce   0x0000010a   Code   RO         2967    i.twi_transfer      nrf_drv_twi.o
    0x000257d8   0x000000a6   Code   RO         2968    i.twi_tx_start_transfer  nrf_drv_twi.o
    0x0002587e   0x00000020   Code   RO         2409    i.tx_byte           nrf_drv_uart.o
    0x0002589e   0x000000a0   Code   RO         3386    i.tx_char_add       ble_nus.o
    0x0002593e   0x0000001c   Code   RO         2410    i.tx_done_event     nrf_drv_uart.o
    0x0002595a   0x00000002   Code   RO          854    i.uartEventHandle   uart.o
    0x0002595c   0x00000048   Code   RO          855    i.uartInit          uart.o
    0x000259a4   0x000000ac   Code   RO         1570    i.uart_event_handler  app_uart_fifo.o
    0x00025a50   0x0000011e   Code   RO         2411    i.uart_irq_handler  nrf_drv_uart.o
    0x00025b6e   0x000000f0   Code   RO         2412    i.uarte_irq_handler  nrf_drv_uart.o
    0x00025c5e   0x0000000a   Code   RO         3109    i.uint16_encode     ble_advdata.o
    0x00025c68   0x00000060   Code   RO         3263    i.update_timeout_handler  ble_conn_params.o
    0x00025cc8   0x00000030   Code   RO         1425    i.user_op_alloc     app_timer.o
    0x00025cf8   0x00000030   Code   RO         3110    i.uuid_list_encode  ble_advdata.o
    0x00025d28   0x000000a0   Code   RO         3111    i.uuid_list_sized_encode  ble_advdata.o
    0x00025dc8   0x00000056   Code   RO          661    i.writeByte         lcd.o
    0x00025e1e   0x00000022   Code   RO          175    i.writeRegister     afe4403.o
    0x00025e40   0x0000000d   Data   RO          326    .constdata          battery.o
    0x00025e4d   0x00000003   PAD
    0x00025e50   0x00000010   Data   RO          385    .constdata          bluetooth.o
    0x00025e60   0x00000818   Data   RO          663    .constdata          lcd.o
    0x00026678   0x00000010   Data   RO          806    .constdata          timer.o
    0x00026688   0x00000018   Data   RO          857    .constdata          uart.o
    0x000266a0   0x00000008   Data   RO         1040    .constdata          bsp.o
    0x000266a8   0x00000020   Data   RO         1572    .constdata          app_uart_fifo.o
    0x000266c8   0x00000004   Data   RO         2836    .constdata          nrf_drv_saadc.o
    0x000266cc   0x00000004   Data   RO         3266    .constdata          ble_conn_params.o
    0x000266d0   0x00000010   Data   RO         3387    .constdata          ble_nus.o
    0x000266e0   0x00000010   Data   RO         3638    .constdata          segger_rtt_printf.o
    0x000266f0   0x00000009   Data   RO         3581    .conststring        segger_rtt.o
    0x000266f9   0x00000003   PAD
    0x000266fc   0x00000020   Data   RO         4036    Region$$Table       anon$$obj.o


    Execution Region RW_IRAM1 (Base: 0x20002128, Size: 0x00005868, Max: 0x0000ded8, ABSOLUTE, COMPRESSED[0x0000016c])

    Base Addr    Size         Type   Attr      Idx    E Section Name        Object

    0x20002128   0x00000004   Data   RW          327    .data               battery.o
    0x2000212c   0x00000006   Data   RW          386    .data               bluetooth.o
    0x20002132   0x00000004   Data   RW          387    .data               bluetooth.o
    0x20002136   0x00000002   PAD
    0x20002138   0x00000008   Data   RW          575    .data               flash.o
    0x20002140   0x00000341   Data   RW          664    .data               lcd.o
    0x20002481   0x0000000a   Data   RW          807    .data               timer.o
    0x2000248b   0x00000001   PAD
    0x2000248c   0x0000000c   Data   RW          913    .data               commandhandle.o
    0x20002498   0x00000010   Data   RW         1041    .data               bsp.o
    0x200024a8   0x00000008   Data   RW         1130    .data               bsp_btn_ble.o
    0x200024b0   0x00000020   Data   RW         1426    .data               app_timer.o
    0x200024d0   0x00000010   Data   RW         1573    .data               app_uart_fifo.o
    0x200024e0   0x00000002   Data   RW         1700    .data               fstorage.o
    0x200024e2   0x00000002   PAD
    0x200024e4   0x00000010   Data   RW         1923    .data               app_scheduler.o
    0x200024f4   0x0000001f   Data   RW         3190    .data               ble_advertising.o
    0x20002513   0x00000001   PAD
    0x20002514   0x00000014   Data   RW         3267    .data               ble_conn_params.o
    0x20002528   0x00000014   Data   RW         3447    .data               softdevice_handler.o
    0x2000253c   0x00000078   Data   RW         3582    .data               segger_rtt.o
    0x200025b4   0x00000004   Data   RW         3682    .data               system_nrf52.o
    0x200025b8   0x00000010   Data   RW          577    fs_data             flash.o
    0x200025c8   0x00000014   Zero   RW          325    .bss                battery.o
    0x200025dc   0x000013f8   Zero   RW          383    .bss                bluetooth.o
    0x200039d4   0x00001068   Zero   RW          384    .bss                bluetooth.o
    0x20004a3c   0x0000014c   Zero   RW          574    .bss                flash.o
    0x20004b88   0x00000400   Zero   RW          662    .bss                lcd.o
    0x20004f88   0x00000200   Zero   RW          856    .bss                uart.o
    0x20005188   0x000000b5   Zero   RW          912    .bss                commandhandle.o
    0x2000523d   0x00000003   PAD
    0x20005240   0x00000020   Zero   RW         1038    .bss                bsp.o
    0x20005260   0x00000020   Zero   RW         1039    .bss                bsp.o
    0x20005280   0x00000020   Zero   RW         1571    .bss                app_uart_fifo.o
    0x200052a0   0x0000000c   Zero   RW         1638    .bss                app_util_platform.o
    0x200052ac   0x000000c8   Zero   RW         1699    .bss                fstorage.o
    0x20005374   0x00000014   Zero   RW         1989    .bss                nrf_drv_clock.o
    0x20005388   0x00000058   Zero   RW         2193    .bss                nrf_drv_gpiote.o
    0x200053e0   0x00000020   Zero   RW         2413    .bss                nrf_drv_uart.o
    0x20005400   0x00000018   Zero   RW         2599    .bss                nrf_drv_timer.o
    0x20005418   0x00000020   Zero   RW         2713    .bss                nrf_drv_spi.o
    0x20005438   0x00000030   Zero   RW         2835    .bss                nrf_drv_saadc.o
    0x20005468   0x00000028   Zero   RW         2970    .bss                nrf_drv_twi.o
    0x20005490   0x000000af   Zero   RW         3189    .bss                ble_advertising.o
    0x2000553f   0x00000001   PAD
    0x20005540   0x00000020   Zero   RW         3264    .bss                ble_conn_params.o
    0x20005560   0x0000001c   Zero   RW         3265    .bss                ble_conn_params.o
    0x2000557c   0x00000400   Zero   RW         3579    .bss                segger_rtt.o
    0x2000597c   0x00000010   Zero   RW         3580    .bss                segger_rtt.o
    0x2000598c   0x00000004   PAD
    0x20005990   0x00002000   Zero   RW         3670    STACK               arm_startup_nrf52.o


==============================================================================

Image component sizes


      Code (inc. data)   RO Data    RW Data    ZI Data      Debug   Object Name

      1092        318          0          0          0      15563   afe4403.o
        22          0          0          0          0       2105   app_error.o
        36         10          0          0          0      27297   app_error_weak.o
       118          0          0          0          0       4398   app_fifo.o
       264          0          0          0          0       5762   app_mailbox.o
       260         22          0         16          0       4727   app_scheduler.o
      1662        114          0         32          0      49503   app_timer.o
       352         26         32         16         32       8668   app_uart_fifo.o
       120         14          0          0         12       8674   app_util_platform.o
        36          8       1024          0       8192        872   arm_startup_nrf52.o
       240         46         13          4         20      10329   battery.o
      1362          0          0          0          0      16640   ble_advdata.o
       980         72          0         31        175       9001   ble_advertising.o
       436         54          4         20         60       5248   ble_conn_params.o
       648          6         16          0          0       5274   ble_nus.o
         8          0          0          0          0       5354   ble_srv_common.o
      1066        114         16         10       9312      69058   bluetooth.o
       726         74          8         16         64       6953   bsp.o
       272         10          0          8          0       4457   bsp_btn_ble.o
      3192        826          0         12        181      13416   commandhandle.o
       628        350          0         24        332       7061   flash.o
       832         68          0          2        200      10417   fstorage.o
      1104         62       2072        833       1024      13374   lcd.o
        90         26          0          0          0      46140   main.o
       272         22          0          0         20      11308   nrf_drv_clock.o
        56          0          0          0          0      28747   nrf_drv_common.o
       404         28          0          0         88      14560   nrf_drv_gpiote.o
       784         56          4          0         48      15776   nrf_drv_saadc.o
       160         14          0          0         32       8923   nrf_drv_spi.o
       350         30          0          0         24      14643   nrf_drv_timer.o
       882          6          0          0         40      16338   nrf_drv_twi.o
      2020         66          0          0         32      35169   nrf_drv_uart.o
       104          4          0          0          0       6425   nrf_saadc.o
       148          6          9        120       1040       2163   segger_rtt.o
       868          6         16          0          0       5661   segger_rtt_printf.o
       570         54          0         20          0      40692   softdevice_handler.o
       620         52          0          4          0       2451   system_nrf52.o
       244         24         16         10          0      11090   timer.o
        74         18         24          0        512       5359   uart.o

    ----------------------------------------------------------------------
     23140       2606       3292       1184      21448     569596   Object Totals
         0          0         32          0          0          0   (incl. Generated)
        38          0          6          6          8          0   (incl. Padding)

    ----------------------------------------------------------------------

      Code (inc. data)   RO Data    RW Data    ZI Data      Debug   Library Member Name

        86          0          0          0          0          0   __dczerorl2.o
         0          0          0          0          0          0   entry.o
         0          0          0          0          0          0   entry10a.o
         0          0          0          0          0          0   entry11a.o
         8          4          0          0          0          0   entry2.o
         4          0          0          0          0          0   entry5.o
         0          0          0          0          0          0   entry7b.o
         0          0          0          0          0          0   entry8b.o
         8          4          0          0          0          0   entry9a.o
        30          0          0          0          0          0   handlers.o
        36          8          0          0          0         68   init.o
         0          0          0          0          0          0   iusefp.o
        30          0          0          0          0         68   llshl.o
        36          0          0          0          0         68   llsshr.o
        32          0          0          0          0         68   llushr.o
        36          0          0          0          0         68   memcpya.o
        36          0          0          0          0        108   memseta.o
      2244         86          0          0          0        512   printfa.o
        18          0          0          0          0         68   strcpy.o
        14          0          0          0          0         68   strlen.o
        44          0          0          0          0         80   uidiv.o
        98          0          0          0          0         92   uldiv.o
        48          0          0          0          0         68   cdrcmple.o
        56          0          0          0          0         88   d2f.o
       334          0          0          0          0        148   dadd.o
       222          0          0          0          0        100   ddiv.o
       186          0          0          0          0        176   depilogue.o
        48          0          0          0          0         68   dfixul.o
        26          0          0          0          0         76   dfltui.o
       228          0          0          0          0         96   dmul.o
        38          0          0          0          0         68   f2d.o
       110          0          0          0          0        168   fepilogue.o

    ----------------------------------------------------------------------
      4060        102          0          0          0       2324   Library Totals
         4          0          0          0          0          0   (incl. Padding)

    ----------------------------------------------------------------------

      Code (inc. data)   RO Data    RW Data    ZI Data      Debug   Library Name

      2760        102          0          0          0       1268   mc_w.l
      1296          0          0          0          0       1056   mf_w.l

    ----------------------------------------------------------------------
      4060        102          0          0          0       2324   Library Totals

    ----------------------------------------------------------------------

==============================================================================


      Code (inc. data)   RO Data    RW Data    ZI Data      Debug   

     27200       2708       3292       1184      21448     547808   Grand Totals
     27200       2708       3292        364      21448     547808   ELF Image Totals (compressed)
     27200       2708       3292        364          0          0   ROM Totals

==============================================================================

    Total RO  Size (Code + RO Data)                30492 (  29.78kB)
    Total RW  Size (RW Data + ZI Data)             22632 (  22.10kB)
    Total ROM Size (Code + RO Data + RW Data)      30856 (  30.13kB)

==============================================================================

